Microchip MPLAB XC8 Compiler V2.45

Linker command line:

-W-3 \
  --edf=C:\Program Files\Microchip\xc8\v2.45\pic\dat\20230818022343_en.msgs \
  -cn -h+dist/default/production\RTC_EEPROM.X.production.sym \
  --cmf=dist/default/production\RTC_EEPROM.X.production.cmf -z -Q16F877A \
  -oC:\Users\POOJAA~1\AppData\Local\Temp\xcAshi8.\driver_tmp_3.o \
  --defsym=__MPLAB_BUILD=1 --fixupoverflow=error \
  -Mdist/default/production/RTC_EEPROM.X.production.map \
  --md=C:\Users\POOJAA~1\AppData\Local\Temp\xcAshi8.\driver_tmp_0.dat -E1 \
  -ver=XC8 Compiler --acfsm=1493 -ACODE=00h-07FFhx4 -ASTRCODE=00h-01FFFh \
  -ASTRING=00h-0FFhx32 -ACONST=00h-0FFhx32 -AENTRY=00h-0FFhx32 \
  -ACOMMON=070h-07Fh -ABANK0=020h-06Fh -ABANK1=0A0h-0EFh \
  -ABANK2=0110h-016Fh -ABANK3=0190h-01EFh \
  -ARAM=020h-06Fh,0A0h-0EFh,0110h-016Fh,0190h-01EFh \
  -AABS1=020h-07Fh,0A0h-0EFh,0110h-016Fh,0190h-01EFh -ASFR0=00h-01Fh \
  -ASFR1=080h-09Fh -ASFR2=0100h-010Fh -ASFR3=0180h-018Fh \
  -ACONFIG=02007h-02007h -DCONFIG=2 -AIDLOC=02000h-02003h -DIDLOC=2 \
  -AEEDATA=00h-0FFh/02100h -peeprom_data=EEDATA -DEEDATA=2 -DCODE=2 \
  -DSTRCODE=2 -DSTRING=2 -DCONST=2 -DENTRY=2 \
  -preset_vec=00h,intentry,init,end_init -ppowerup=CODE -pcinit=CODE \
  -pfunctab=ENTRY -k \
  C:\Users\POOJAA~1\AppData\Local\Temp\xcAshi8.\driver_tmp_12.o \
  dist/default/production\RTC_EEPROM.X.production.o 

Object code version is 3.11

Machine type is 16F877A



                Name                               Link     Load   Length Selector   Space Scale
C:\Users\POOJAA~1\AppData\Local\Temp\xcAshi8.\driver_tmp_12.o
                end_init                              0        0        3        0       0
dist/default/production\RTC_EEPROM.X.production.o
                cinit                               7EA      7EA       16      FD4       0
                text22                                4        4        D        8       0
                text21                              F8D      F8D        C     1F1A       0
                text20                              FE9      FE9       17     1FD2       0
                text19                              F72      F72        9     1EE4       0
                text18                              F7B      F7B        9     1EF6       0
                text17                              F84      F84        9     1F08       0
                text16                              FD4      FD4       15     1FA8       0
                text15                              111      111       3D      222       0
                text14                               7B       7B       2E       F6       0
                text13                              FAC      FAC       14     1F58       0
                text12                              377      377       CD      6EE       0
                text11                              1A7      1A7       66      34E       0
                text10                               D9       D9       38      1B2       0
                text9                               FC0      FC0       14     1F80       0
                text8                               274      274       74      4E8       0
                text7                               20D      20D       67      41A       0
                text6                               14E      14E       59      29C       0
                text5                                A9       A9       30      152       0
                text4                               2E8      2E8       8F      5D0       0
                text3                                31       31       25       62       0
                text2                                56       56       25       AC       0
                text1                               444      444       D6      888       0
                maintext                            51A      51A      2D0      A34       0
                cstackBANK0                          40       40       12       20       1
                cstackCOMMON                         70       70        E       70       1
                inittext                            F99      F99       13     1F32       0
                dataBANK0                            20       20       20       20       1
                bssBANK0                             52       52        4       20       1
                idataBANK0                           11       11       20       22       0

TOTAL           Name                               Link     Load   Length     Space
        CLASS   CODE           
                end_init                              0        0        3         0
                cinit                               7EA      7EA       16         0
                text22                                4        4        D         0
                text21                              F8D      F8D        C         0
                text20                              FE9      FE9       17         0
                text19                              F72      F72        9         0
                text18                              F7B      F7B        9         0
                text17                              F84      F84        9         0
                text16                              FD4      FD4       15         0
                text15                              111      111       3D         0
                text14                               7B       7B       2E         0
                text13                              FAC      FAC       14         0
                text12                              377      377       CD         0
                text11                              1A7      1A7       66         0
                text10                               D9       D9       38         0
                text9                               FC0      FC0       14         0
                text8                               274      274       74         0
                text7                               20D      20D       67         0
                text6                               14E      14E       59         0
                text5                                A9       A9       30         0
                text4                               2E8      2E8       8F         0
                text3                                31       31       25         0
                text2                                56       56       25         0
                text1                               444      444       D6         0
                maintext                            51A      51A      2D0         0
                inittext                            F99      F99       13         0
                idataBANK0                           11       11       20         0

        CLASS   STRCODE        

        CLASS   STRING         

        CLASS   CONST          

        CLASS   ENTRY          

        CLASS   COMMON         
                cstackCOMMON                         70       70        E         1

        CLASS   BANK0          
                cstackBANK0                          40       40       12         1
                dataBANK0                            20       20       20         1
                bssBANK0                             52       52        4         1

        CLASS   BANK1          

        CLASS   BANK2          

        CLASS   BANK3          

        CLASS   RAM            

        CLASS   ABS1           
                abs_s1                               7E       7E        2         1

        CLASS   SFR0           

        CLASS   SFR1           

        CLASS   SFR2           

        CLASS   SFR3           

        CLASS   CONFIG         

        CLASS   IDLOC          

        CLASS   EEDATA         

        CLASS   HEAP           

        CLASS   STACK          



SEGMENTS        Name                           Load    Length   Top    Selector   Space  Class     Delta

                reset_vec                      000000  000003  000003         0       0  CODE        2
                text22                         000004  00000D  000011         8       0  CODE        2
                dataBANK0                      000020  000036  000056        20       1  BANK0       1
                idataBANK0                     000011  000020  000031        22       0  CODE        2
                text3                          000031  000025  000056        62       0  CODE        2
                cstackCOMMON                   000070  00000E  00007E        70       1  COMMON      1
                text2                          000056  000025  00007B        AC       0  CODE        2
                text14                         00007B  00002E  0000A9        F6       0  CODE        2
                text5                          0000A9  000030  0000D9       152       0  CODE        2
                text10                         0000D9  000038  000111       1B2       0  CODE        2
                text15                         000111  00003D  00014E       222       0  CODE        2
                text6                          00014E  000059  0001A7       29C       0  CODE        2
                text11                         0001A7  000066  00020D       34E       0  CODE        2
                text7                          00020D  000067  000274       41A       0  CODE        2
                text8                          000274  000074  0002E8       4E8       0  CODE        2
                text4                          0002E8  00008F  000377       5D0       0  CODE        2
                text12                         000377  0000CD  000444       6EE       0  CODE        2
                text1                          000444  0000D6  00051A       888       0  CODE        2
                maintext                       00051A  0002D0  0007EA       A34       0  CODE        2
                cinit                          0007EA  000016  000800       FD4       0  CODE        2
                text19                         000F72  000009  000F7B      1EE4       0  CODE        2
                text18                         000F7B  000009  000F84      1EF6       0  CODE        2
                text17                         000F84  000009  000F8D      1F08       0  CODE        2
                text21                         000F8D  00000C  000F99      1F1A       0  CODE        2
                inittext                       000F99  000013  000FAC      1F32       0  CODE        2
                text13                         000FAC  000014  000FC0      1F58       0  CODE        2
                text9                          000FC0  000014  000FD4      1F80       0  CODE        2
                text16                         000FD4  000015  000FE9      1FA8       0  CODE        2
                text20                         000FE9  000017  001000      1FD2       0  CODE        2


UNUSED ADDRESS RANGES

        Name                Unused          Largest block    Delta
        BANK0            0056-006F             1A           1
        BANK1            00A0-00EF             50           1
        BANK2            0110-016F             60           1
        BANK3            0190-01EF             60           1
        CODE             0003-0003              1           2
                         0800-0F71            772
                         1000-1FFF            800
        CONFIG           2007-2007              1           2
        CONST            0003-0003              1           2
                         0800-0F71            100
                         1000-1FFF            100
        EEDATA           2100-21FF            100           2
        ENTRY            0003-0003              1           2
                         0800-0F71            100
                         1000-1FFF            100
        IDLOC            2000-2003              4           2
        RAM              0056-006F             1A           1
                         00A0-00EF             50
                         0110-016F             60
                         0190-01EF             60
        SFR0             0000-001F             20           1
        SFR1             0080-009F             20           1
        SFR2             0100-010F             10           1
        SFR3             0180-018F             10           1
        STRCODE          0003-0003              1           2
                         0800-0F71            772
                         1000-1FFF           1000
        STRING           0003-0003              1           2
                         0800-0F71            100
                         1000-1FFF            100

                                  Symbol Table

?___awdiv                cstackCOMMON 0070
?___awmod                cstackCOMMON 0070
?___lldiv                cstackCOMMON 0070
?___wmul                 cstackCOMMON 0070
?_bcd2dec                cstackCOMMON 0076
?_dec2bcd                cstackCOMMON 0078
EEPROM_Read@add          cstackCOMMON 0071
EEPROM_Write@add         cstackCOMMON 0071
EEPROM_Write@data        cstackCOMMON 0073
_ACKDT                   (abs)        048D
_ACKEN                   (abs)        048C
_ACKSTAT                 (abs)        048E
_EEPROM_Read             text15       0111
_EEPROM_Write            text14       007B
_I2C_NACK                text21       0F8D
_PEN                     (abs)        048A
_PORTC                   (abs)        0007
_PORTD                   (abs)        0008
_RC0                     (abs)        0038
_RC1                     (abs)        0039
_RCEN                    (abs)        048B
_RSEN                    (abs)        0489
_SEN                     (abs)        0488
_SSPADD                  (abs)        0093
_SSPBUF                  (abs)        0013
_SSPCON                  (abs)        0014
_SSPCON2                 (abs)        0091
_SSPIF                   (abs)        0063
_SSPSTAT                 (abs)        0094
_TRISC                   (abs)        0087
_TRISD                   (abs)        0088
__H__absolute__          __absolute__ 0000
__Habs1                  abs1         0000
__Hbank0                 bank0        0000
__Hbank1                 bank1        0000
__Hbank2                 bank2        0000
__Hbank3                 bank3        0000
__HbssBANK0              bssBANK0     0000
__Hcinit                 cinit        0800
__Hclrtext               clrtext      0000
__Hcode                  code         0000
__Hcommon                common       0000
__HcstackBANK0           cstackBANK0  0000
__HcstackCOMMON          cstackCOMMON 0000
__HdataBANK0             dataBANK0    0000
__Heeprom_data           eeprom_data  0000
__Hend_init              end_init     0003
__Hfunctab               functab      0000
__Hheap                  heap         0000
__HidataBANK0            idataBANK0   0000
__Hinit                  init         0000
__Hinittext              inittext     0000
__Hintentry              intentry     0000
__Hmaintext              maintext     0000
__Hpowerup               powerup      0000
__Hram                   ram          0000
__Hreset_vec             reset_vec    0000
__Hsfr0                  sfr0         0000
__Hsfr1                  sfr1         0000
__Hsfr2                  sfr2         0000
__Hsfr3                  sfr3         0000
__Hspace_0               (abs)        1000
__Hspace_1               (abs)        007E
__Hspace_2               (abs)        0000
__Hspace_3               (abs)        0000
__Hstack                 stack        0000
__Hstrings               strings      0000
__Htext                  text         0000
__L__absolute__          __absolute__ 0000
__Labs1                  abs1         0000
__Lbank0                 bank0        0000
__Lbank1                 bank1        0000
__Lbank2                 bank2        0000
__Lbank3                 bank3        0000
__LbssBANK0              bssBANK0     0000
__Lcinit                 cinit        07EA
__Lclrtext               clrtext      0000
__Lcode                  code         0000
__Lcommon                common       0000
__LcstackBANK0           cstackBANK0  0000
__LcstackCOMMON          cstackCOMMON 0000
__LdataBANK0             dataBANK0    0000
__Leeprom_data           eeprom_data  0000
__Lend_init              end_init     0000
__Lfunctab               functab      0000
__Lheap                  heap         0000
__LidataBANK0            idataBANK0   0000
__Linit                  init         0000
__Linittext              inittext     0000
__Lintentry              intentry     0000
__Lmaintext              maintext     0000
__Lpowerup               powerup      0000
__Lram                   ram          0000
__Lreset_vec             reset_vec    0000
__Lsfr0                  sfr0         0000
__Lsfr1                  sfr1         0000
__Lsfr2                  sfr2         0000
__Lsfr3                  sfr3         0000
__Lspace_0               (abs)        0000
__Lspace_1               (abs)        0000
__Lspace_2               (abs)        0000
__Lspace_3               (abs)        0000
__Lstack                 stack        0000
__Lstrings               strings      0000
__Ltext                  text         0000
__S0                     (abs)        1000
__S1                     (abs)        007E
__S3                     (abs)        0000
___awdiv                 text7        020D
___awdiv@counter         cstackCOMMON 0074
___awdiv@dividend        cstackCOMMON 0072
___awdiv@divisor         cstackCOMMON 0070
___awdiv@quotient        cstackCOMMON 0076
___awdiv@sign            cstackCOMMON 0075
___awmod                 text6        014E
___awmod@counter         cstackCOMMON 0074
___awmod@dividend        cstackCOMMON 0072
___awmod@divisor         cstackCOMMON 0070
___awmod@sign            cstackCOMMON 0075
___heap_hi               (abs)        0000
___heap_lo               (abs)        0000
___int_sp                stack        0000
___int_stack_hi          stack        0000
___int_stack_lo          stack        0000
___latbits               (abs)        0002
___lldiv                 text11       01A7
___lldiv@counter         cstackCOMMON 007D
___lldiv@dividend        cstackCOMMON 0074
___lldiv@divisor         cstackCOMMON 0070
___lldiv@quotient        cstackCOMMON 0079
___sp                    stack        0000
___stack_hi              stack        0000
___stack_lo              stack        0000
___stackhi               (abs)        0000
___stacklo               (abs)        0000
___wmul                  text3        0031
___wmul@multiplicand     cstackCOMMON 0072
___wmul@multiplier       cstackCOMMON 0070
___wmul@product          cstackCOMMON 0074
__end_of_EEPROM_Read     text15       014E
__end_of_EEPROM_Write    text14       00A9
__end_of_I2C_NACK        text21       0F99
__end_of___awdiv         text7        0274
__end_of___awmod         text6        01A7
__end_of___lldiv         text11       020D
__end_of___wmul          text3        0056
__end_of__initialization cinit        07FC
__end_of_bcd2dec         text2        007B
__end_of_days            text12       0444
__end_of_dec2bcd         text5        00D9
__end_of_i2c_init        text10       0111
__end_of_i2c_read        text20       1000
__end_of_i2c_rep_start   text19       0F7B
__end_of_i2c_start       text18       0F84
__end_of_i2c_stop        text17       0F8D
__end_of_i2c_wait        text22       0011
__end_of_i2c_write       text16       0FE9
__end_of_init            text8        02E8
__end_of_lcd_cmd         text9        0FD4
__end_of_lcd_data        text13       0FC0
__end_of_main            maintext     07EA
__end_of_setup           text4        0377
__end_of_update          text1        051A
__initialization         cinit        07EA
__pbssBANK0              bssBANK0     0052
__pcstackBANK0           cstackBANK0  0040
__pcstackCOMMON          cstackCOMMON 0070
__pdataBANK0             dataBANK0    0020
__pidataBANK0            idataBANK0   0011
__pmaintext              maintext     051A
__ptext1                 text1        0444
__ptext10                text10       00D9
__ptext11                text11       01A7
__ptext12                text12       0377
__ptext13                text13       0FAC
__ptext14                text14       007B
__ptext15                text15       0111
__ptext16                text16       0FD4
__ptext17                text17       0F84
__ptext18                text18       0F7B
__ptext19                text19       0F72
__ptext2                 text2        0056
__ptext20                text20       0FE9
__ptext21                text21       0F8D
__ptext22                text22       0004
__ptext3                 text3        0031
__ptext4                 text4        02E8
__ptext5                 text5        00A9
__ptext6                 text6        014E
__ptext7                 text7        020D
__ptext8                 text8        0274
__ptext9                 text9        0FC0
_bcd2dec                 text2        0056
_date                    dataBANK0    0038
_day                     dataBANK0    0034
_days                    text12       0377
_dec2bcd                 text5        00A9
_hour                    dataBANK0    003A
_hour1                   bssBANK0     0052
_i                       bssBANK0     0054
_i2c_init                text10       00D9
_i2c_read                text20       0FE9
_i2c_rep_start           text19       0F72
_i2c_start               text18       0F7B
_i2c_stop                text17       0F84
_i2c_wait                text22       0004
_i2c_write               text16       0FD4
_init                    text8        0274
_lcd_cmd                 text9        0FC0
_lcd_data                text13       0FAC
_main                    maintext     051A
_min                     dataBANK0    003C
_mode1                   dataBANK0    002E
_mode2                   dataBANK0    002A
_month                   dataBANK0    0036
_msg1                    dataBANK0    0025
_msg2                    dataBANK0    0020
_sec                     dataBANK0    003E
_setup                   text4        02E8
_update                  text1        0444
_year                    dataBANK0    0032
bcd2dec@temp             cstackCOMMON 0076
btemp                    (abs)        007E
days@day                 cstackCOMMON 0073
dec2bcd@temp             cstackCOMMON 0078
end_of_initialization    cinit        07FC
i2c_init@baud            cstackBANK0  0040
i2c_write@data           cstackCOMMON 0070
init_fetch0              inittext     0F99
init_ram0                inittext     0F9D
intlevel0                functab      0000
intlevel1                functab      0000
intlevel2                functab      0000
intlevel3                functab      0000
intlevel4                functab      0000
intlevel5                functab      0000
lcd_cmd@i                cstackCOMMON 0072
lcd_data@i               cstackCOMMON 0072
main@Add2                cstackBANK0  004E
main@Add3                cstackBANK0  0050
main@Data1               cstackBANK0  004B
main@Data2               cstackBANK0  004C
main@Data3               cstackBANK0  004D
reset_vec                reset_vec    0000
start                    init         0000
start_initialization     cinit        07EA
wtemp0                   (abs)        007E


MODULE INFORMATION

Module		Function		Class		Link	Load	Size
C:\Program Files\Microchip\xc8\v2.45\pic\sources\c99\common\Umul16.c
		___wmul        		CODE           	0031	0000	37

C:\Program Files\Microchip\xc8\v2.45\pic\sources\c99\common\Umul16.c estimated size: 37

RTC_EEPROM_driver.c
		_init          		CODE           	0274	0000	116
		_update        		CODE           	0444	0000	214
		_i2c_start     		CODE           	0F7B	0000	9
		_lcd_cmd       		CODE           	0FC0	0000	20
		_lcd_data      		CODE           	0FAC	0000	20
		_EEPROM_Read   		CODE           	0111	0000	61
		_i2c_rep_start 		CODE           	0F72	0000	9
		_EEPROM_Write  		CODE           	007B	0000	46
		_days          		CODE           	0377	0000	205
		_dec2bcd       		CODE           	00A9	0000	48
		_i2c_write     		CODE           	0FD4	0000	21
		_i2c_stop      		CODE           	0F84	0000	9
		_i2c_wait      		CODE           	0004	0000	13
		_i2c_read      		CODE           	0FE9	0000	23
		_setup         		CODE           	02E8	0000	143
		_i2c_init      		CODE           	00D9	0000	56
		_I2C_NACK      		CODE           	0F8D	0000	12
		_bcd2dec       		CODE           	0056	0000	37

RTC_EEPROM_driver.c estimated size: 1062

RTC_EEPROM_main.c
		_main          		CODE           	051A	0000	720

RTC_EEPROM_main.c estimated size: 720

C:\Program Files\Microchip\xc8\v2.45\pic\sources\c99\common\awmod.c
		___awmod       		CODE           	014E	0000	89

C:\Program Files\Microchip\xc8\v2.45\pic\sources\c99\common\awmod.c estimated size: 89

shared
		__initialization		CODE           	07EA	0000	18

shared estimated size: 18

C:\Program Files\Microchip\xc8\v2.45\pic\sources\c99\common\__lldiv.c
		___lldiv       		CODE           	01A7	0000	102

C:\Program Files\Microchip\xc8\v2.45\pic\sources\c99\common\__lldiv.c estimated size: 102

C:\Program Files\Microchip\xc8\v2.45\pic\sources\c99\common\awdiv.c
		___awdiv       		CODE           	020D	0000	103

C:\Program Files\Microchip\xc8\v2.45\pic\sources\c99\common\awdiv.c estimated size: 103

