Microchip MPLAB XC8 Compiler V2.45

Linker command line:

-W-3 \
  --edf=C:\Program Files\Microchip\xc8\v2.45\pic\dat\20230818022343_en.msgs \
  -cn -h+dist/default/production\I2C_I2C.X.production.sym \
  --cmf=dist/default/production\I2C_I2C.X.production.cmf -z -Q16F877A \
  -oC:\Users\POOJAA~1\AppData\Local\Temp\xcBsdqc.1\driver_tmp_3.o \
  --defsym=__MPLAB_BUILD=1 --fixupoverflow=error \
  -Mdist/default/production/I2C_I2C.X.production.map \
  --md=C:\Users\POOJAA~1\AppData\Local\Temp\xcBsdqc.1\driver_tmp_0.dat -E1 \
  -ver=XC8 Compiler --acfsm=1493 -ACODE=00h-07FFhx4 -ASTRCODE=00h-01FFFh \
  -ASTRING=00h-0FFhx32 -ACONST=00h-0FFhx32 -AENTRY=00h-0FFhx32 \
  -ACOMMON=070h-07Fh -ABANK0=020h-06Fh -ABANK1=0A0h-0EFh \
  -ABANK2=0110h-016Fh -ABANK3=0190h-01EFh \
  -ARAM=020h-06Fh,0A0h-0EFh,0110h-016Fh,0190h-01EFh \
  -AABS1=020h-07Fh,0A0h-0EFh,0110h-016Fh,0190h-01EFh -ASFR0=00h-01Fh \
  -ASFR1=080h-09Fh -ASFR2=0100h-010Fh -ASFR3=0180h-018Fh \
  -ACONFIG=02007h-02007h -DCONFIG=2 -AIDLOC=02000h-02003h -DIDLOC=2 \
  -AEEDATA=00h-0FFh/02100h -peeprom_data=EEDATA -DEEDATA=2 -DCODE=2 \
  -DSTRCODE=2 -DSTRING=2 -DCONST=2 -DENTRY=2 \
  -preset_vec=00h,intentry,init,end_init -ppowerup=CODE -pcinit=CODE \
  -pfunctab=ENTRY -k \
  C:\Users\POOJAA~1\AppData\Local\Temp\xcBsdqc.1\driver_tmp_12.o \
  dist/default/production\I2C_I2C.X.production.o 

Object code version is 3.11

Machine type is 16F877A



                Name                               Link     Load   Length Selector   Space Scale
C:\Users\POOJAA~1\AppData\Local\Temp\xcBsdqc.1\driver_tmp_12.o
                end_init                              0        0        3        0       0
dist/default/production\I2C_I2C.X.production.o
                cinit                               7EE      7EE       12      FDC       0
                text6                               6D9      6D9       66      DB2       0
                text5                               6A1      6A1       38      D42       0
                text4                               66B      66B        D      CD6       0
                text3                               64E      64E        9      C9C       0
                text2                               657      657        9      CAE       0
                text1                               68B      68B       16      D16       0
                maintext                            73F      73F       AF      E7E       0
                cstackBANK0                          2B       2B        8       20       1
                cstackCOMMON                         70       70        E       70       1
                inittext                            678      678       13      CF0       0
                dataBANK0                            20       20        B       20       1
                idataBANK0                          660      660        B      CC0       0

TOTAL           Name                               Link     Load   Length     Space
        CLASS   CODE           
                end_init                              0        0        3         0
                cinit                               7EE      7EE       12         0
                text6                               6D9      6D9       66         0
                text5                               6A1      6A1       38         0
                text4                               66B      66B        D         0
                text3                               64E      64E        9         0
                text2                               657      657        9         0
                text1                               68B      68B       16         0
                maintext                            73F      73F       AF         0
                inittext                            678      678       13         0
                idataBANK0                          660      660        B         0

        CLASS   STRCODE        

        CLASS   STRING         

        CLASS   CONST          

        CLASS   ENTRY          

        CLASS   COMMON         
                cstackCOMMON                         70       70        E         1

        CLASS   BANK0          
                cstackBANK0                          2B       2B        8         1
                dataBANK0                            20       20        B         1

        CLASS   BANK1          

        CLASS   BANK2          

        CLASS   BANK3          

        CLASS   RAM            

        CLASS   ABS1           
                abs_s1                               7E       7E        2         1

        CLASS   SFR0           

        CLASS   SFR1           

        CLASS   SFR2           

        CLASS   SFR3           

        CLASS   CONFIG         

        CLASS   IDLOC          

        CLASS   EEDATA         

        CLASS   HEAP           

        CLASS   STACK          



SEGMENTS        Name                           Load    Length   Top    Selector   Space  Class     Delta

                reset_vec                      000000  000003  000003         0       0  CODE        2
                dataBANK0                      000020  000013  000033        20       1  BANK0       1
                cstackCOMMON                   000070  00000E  00007E        70       1  COMMON      1
                text3                          00064E  000009  000657       C9C       0  CODE        2
                text2                          000657  000009  000660       CAE       0  CODE        2
                idataBANK0                     000660  00000B  00066B       CC0       0  CODE        2
                text4                          00066B  00000D  000678       CD6       0  CODE        2
                inittext                       000678  000013  00068B       CF0       0  CODE        2
                text1                          00068B  000016  0006A1       D16       0  CODE        2
                text5                          0006A1  000038  0006D9       D42       0  CODE        2
                text6                          0006D9  000066  00073F       DB2       0  CODE        2
                maintext                       00073F  0000AF  0007EE       E7E       0  CODE        2
                cinit                          0007EE  000012  000800       FDC       0  CODE        2


UNUSED ADDRESS RANGES

        Name                Unused          Largest block    Delta
        BANK0            0033-006F             3D           1
        BANK1            00A0-00EF             50           1
        BANK2            0110-016F             60           1
        BANK3            0190-01EF             60           1
        CODE             0003-064D            64B           2
                         0800-1FFF            800
        CONFIG           2007-2007              1           2
        CONST            0003-064D            100           2
                         0800-1FFF            100
        EEDATA           2100-21FF            100           2
        ENTRY            0003-064D            100           2
                         0800-1FFF            100
        IDLOC            2000-2003              4           2
        RAM              0033-006F             3D           1
                         00A0-00EF             50
                         0110-016F             60
                         0190-01EF             60
        SFR0             0000-001F             20           1
        SFR1             0080-009F             20           1
        SFR2             0100-010F             10           1
        SFR3             0180-018F             10           1
        STRCODE          0003-064D            64B           2
                         0800-1FFF           1800
        STRING           0003-064D            100           2
                         0800-1FFF            100

                                  Symbol Table

?___lldiv                  cstackCOMMON 0070
_OPTION_REG                (abs)        0081
_PIR1                      (abs)        000C
_PORTB                     (abs)        0006
_PORTD                     (abs)        0008
_RD0                       (abs)        0040
_RD1                       (abs)        0041
_SSPADD                    (abs)        0093
_SSPBUF                    (abs)        0013
_SSPCON                    (abs)        0014
_SSPCON2                   (abs)        0091
_SSPSTAT                   (abs)        0094
_TRISB                     (abs)        0086
_TRISC                     (abs)        0087
_TRISD                     (abs)        0088
__H__absolute__            __absolute__ 0000
__Habs1                    abs1         0000
__Hbank0                   bank0        0000
__Hbank1                   bank1        0000
__Hbank2                   bank2        0000
__Hbank3                   bank3        0000
__Hcinit                   cinit        0800
__Hclrtext                 clrtext      0000
__Hcode                    code         0000
__Hcommon                  common       0000
__HcstackBANK0             cstackBANK0  0000
__HcstackCOMMON            cstackCOMMON 0000
__HdataBANK0               dataBANK0    0000
__Heeprom_data             eeprom_data  0000
__Hend_init                end_init     0003
__Hfunctab                 functab      0000
__Hheap                    heap         0000
__HidataBANK0              idataBANK0   0000
__Hinit                    init         0000
__Hinittext                inittext     0000
__Hintentry                intentry     0000
__Hmaintext                maintext     0000
__Hpowerup                 powerup      0000
__Hram                     ram          0000
__Hreset_vec               reset_vec    0000
__Hsfr0                    sfr0         0000
__Hsfr1                    sfr1         0000
__Hsfr2                    sfr2         0000
__Hsfr3                    sfr3         0000
__Hspace_0                 (abs)        0800
__Hspace_1                 (abs)        007E
__Hspace_2                 (abs)        0000
__Hspace_3                 (abs)        0000
__Hstack                   stack        0000
__Hstrings                 strings      0000
__Htext                    text         0000
__L__absolute__            __absolute__ 0000
__Labs1                    abs1         0000
__Lbank0                   bank0        0000
__Lbank1                   bank1        0000
__Lbank2                   bank2        0000
__Lbank3                   bank3        0000
__Lcinit                   cinit        07EE
__Lclrtext                 clrtext      0000
__Lcode                    code         0000
__Lcommon                  common       0000
__LcstackBANK0             cstackBANK0  0000
__LcstackCOMMON            cstackCOMMON 0000
__LdataBANK0               dataBANK0    0000
__Leeprom_data             eeprom_data  0000
__Lend_init                end_init     0000
__Lfunctab                 functab      0000
__Lheap                    heap         0000
__LidataBANK0              idataBANK0   0000
__Linit                    init         0000
__Linittext                inittext     0000
__Lintentry                intentry     0000
__Lmaintext                maintext     0000
__Lpowerup                 powerup      0000
__Lram                     ram          0000
__Lreset_vec               reset_vec    0000
__Lsfr0                    sfr0         0000
__Lsfr1                    sfr1         0000
__Lsfr2                    sfr2         0000
__Lsfr3                    sfr3         0000
__Lspace_0                 (abs)        0000
__Lspace_1                 (abs)        0000
__Lspace_2                 (abs)        0000
__Lspace_3                 (abs)        0000
__Lstack                   stack        0000
__Lstrings                 strings      0000
__Ltext                    text         0000
__S0                       (abs)        0800
__S1                       (abs)        007E
__S3                       (abs)        0000
___heap_hi                 (abs)        0000
___heap_lo                 (abs)        0000
___int_sp                  stack        0000
___int_stack_hi            stack        0000
___int_stack_lo            stack        0000
___latbits                 (abs)        0002
___lldiv                   text6        06D9
___lldiv@counter           cstackCOMMON 007D
___lldiv@dividend          cstackCOMMON 0074
___lldiv@divisor           cstackCOMMON 0070
___lldiv@quotient          cstackCOMMON 0079
___sp                      stack        0000
___stack_hi                stack        0000
___stack_lo                stack        0000
___stackhi                 (abs)        0000
___stacklo                 (abs)        0000
__end_of___lldiv           text6        073F
__end_of__initialization   cinit        07FC
__end_of_i2c_master_init   text5        06D9
__end_of_i2c_start         text3        0657
__end_of_i2c_stop          text2        0660
__end_of_main              maintext     07EE
__end_of_master_byte_write text1        06A1
__end_of_master_wait       text4        0678
__initialization           cinit        07EE
__pcstackBANK0             cstackBANK0  002B
__pcstackCOMMON            cstackCOMMON 0070
__pdataBANK0               dataBANK0    0020
__pidataBANK0              idataBANK0   0660
__pmaintext                maintext     073F
__ptext1                   text1        068B
__ptext2                   text2        0657
__ptext3                   text3        064E
__ptext4                   text4        066B
__ptext5                   text5        06A1
__ptext6                   text6        06D9
_arr                       dataBANK0    0020
_i                         dataBANK0    002A
_i2c_master_init           text5        06A1
_i2c_start                 text3        064E
_i2c_stop                  text2        0657
_main                      maintext     073F
_master_byte_write         text1        068B
_master_wait               text4        066B
btemp                      (abs)        007E
end_of_initialization      cinit        07FC
i2c_master_init@baud       cstackBANK0  002B
init_fetch0                inittext     0678
init_ram0                  inittext     067C
intlevel0                  functab      0000
intlevel1                  functab      0000
intlevel2                  functab      0000
intlevel3                  functab      0000
intlevel4                  functab      0000
intlevel5                  functab      0000
master_byte_write@write    cstackCOMMON 0070
reset_vec                  reset_vec    0000
start                      init         0000
start_initialization       cinit        07EE
wtemp0                     (abs)        007E


MODULE INFORMATION

Module		Function		Class		Link	Load	Size
shared
		__initialization		CODE           	07EE	0000	14

shared estimated size: 14

C:\Program Files\Microchip\xc8\v2.45\pic\sources\c99\common\__lldiv.c
		___lldiv       		CODE           	06D9	0000	102

C:\Program Files\Microchip\xc8\v2.45\pic\sources\c99\common\__lldiv.c estimated size: 102

I2C_master.c
		_i2c_start     		CODE           	064E	0000	9
		_master_wait   		CODE           	066B	0000	13
		_main          		CODE           	073F	0000	175
		_master_byte_write		CODE           	068B	0000	22
		_i2c_master_init		CODE           	06A1	0000	56
		_i2c_stop      		CODE           	0657	0000	9

I2C_master.c estimated size: 284

