Microchip MPLAB XC8 Compiler V2.45

Linker command line:

-W-3 \
  --edf=C:\Program Files\Microchip\xc8\v2.45\pic\dat\20230818022343_en.msgs \
  -cn -h+dist/default/production\ADC_PWM_task.X.production.sym \
  --cmf=dist/default/production\ADC_PWM_task.X.production.cmf -z -Q16F877A \
  -oC:\Users\POOJAA~1\AppData\Local\Temp\xcCskos.2\driver_tmp_3.o \
  --defsym=__MPLAB_BUILD=1 --fixupoverflow=error \
  -Mdist/default/production/ADC_PWM_task.X.production.map \
  --md=C:\Users\POOJAA~1\AppData\Local\Temp\xcCskos.2\driver_tmp_0.dat -E1 \
  -ver=XC8 Compiler --acfsm=1493 -ACODE=00h-07FFhx4 -ASTRCODE=00h-01FFFh \
  -ASTRING=00h-0FFhx32 -ACONST=00h-0FFhx32 -AENTRY=00h-0FFhx32 \
  -ACOMMON=070h-07Fh -ABANK0=020h-06Fh -ABANK1=0A0h-0EFh \
  -ABANK2=0110h-016Fh -ABANK3=0190h-01EFh \
  -ARAM=020h-06Fh,0A0h-0EFh,0110h-016Fh,0190h-01EFh \
  -AABS1=020h-07Fh,0A0h-0EFh,0110h-016Fh,0190h-01EFh -ASFR0=00h-01Fh \
  -ASFR1=080h-09Fh -ASFR2=0100h-010Fh -ASFR3=0180h-018Fh \
  -ACONFIG=02007h-02007h -DCONFIG=2 -AIDLOC=02000h-02003h -DIDLOC=2 \
  -AEEDATA=00h-0FFh/02100h -peeprom_data=EEDATA -DEEDATA=2 -DCODE=2 \
  -DSTRCODE=2 -DSTRING=2 -DCONST=2 -DENTRY=2 \
  -preset_vec=00h,intentry,init,end_init -ppowerup=CODE -pcinit=CODE \
  -pfunctab=ENTRY -k \
  C:\Users\POOJAA~1\AppData\Local\Temp\xcCskos.2\driver_tmp_12.o \
  dist/default/production\ADC_PWM_task.X.production.o 

Object code version is 3.11

Machine type is 16F877A



                Name                               Link     Load   Length Selector   Space Scale
C:\Users\POOJAA~1\AppData\Local\Temp\xcCskos.2\driver_tmp_12.o
                end_init                              0        0        3        0       0
                config                             2007     2007        1        0       4
dist/default/production\ADC_PWM_task.X.production.o
                cinit                               7E6      7E6       1A      FCC       0
                config                             2007     2007        1        0       4
                text11                              2FA      2FA        F      5F4       0
                text10                              2D0      2D0        7      5A0       0
                text9                               3F8      3F8       68      7F0       0
                text8                               3B2      3B2       46      764       0
                text7                               2DF      2DF        D      5BE       0
                text6                               331      331       18      662       0
                text5                               460      460       84      8C0       0
                text4                               36E      36E       44      6DC       0
                text3                               349      349       25      692       0
                text2                               31C      31C       15      638       0
                text1                               4E4      4E4      179      9C8       0
                maintext                            65D      65D      189      CBA       0
                cstackBANK0                          39       39       15       20       1
                cstackCOMMON                         70       70        E       70       1
                clrtext                             2D7      2D7        8      5AE       0
                inittext                            309      309       13      612       0
                dataBANK0                            4E       4E        E       20       1
                bssBANK0                             20       20       19       20       1
                idataBANK0                          2EC      2EC        E      5D8       0

TOTAL           Name                               Link     Load   Length     Space
        CLASS   CODE           
                end_init                              0        0        3         0
                cinit                               7E6      7E6       1A         0
                text11                              2FA      2FA        F         0
                text10                              2D0      2D0        7         0
                text9                               3F8      3F8       68         0
                text8                               3B2      3B2       46         0
                text7                               2DF      2DF        D         0
                text6                               331      331       18         0
                text5                               460      460       84         0
                text4                               36E      36E       44         0
                text3                               349      349       25         0
                text2                               31C      31C       15         0
                text1                               4E4      4E4      179         0
                maintext                            65D      65D      189         0
                clrtext                             2D7      2D7        8         0
                inittext                            309      309       13         0
                idataBANK0                          2EC      2EC        E         0

        CLASS   STRCODE        

        CLASS   STRING         

        CLASS   CONST          

        CLASS   ENTRY          

        CLASS   COMMON         
                cstackCOMMON                         70       70        E         1

        CLASS   BANK0          
                cstackBANK0                          39       39       15         1
                dataBANK0                            4E       4E        E         1
                bssBANK0                             20       20       19         1

        CLASS   BANK1          

        CLASS   BANK2          

        CLASS   BANK3          

        CLASS   RAM            

        CLASS   ABS1           
                abs_s1                               7E       7E        2         1

        CLASS   SFR0           

        CLASS   SFR1           

        CLASS   SFR2           

        CLASS   SFR3           

        CLASS   CONFIG         
                config                             2007     2007        1         4

        CLASS   IDLOC          

        CLASS   EEDATA         

        CLASS   HEAP           

        CLASS   STACK          



SEGMENTS        Name                           Load    Length   Top    Selector   Space  Class     Delta

                reset_vec                      000000  000003  000003         0       0  CODE        2
                bssBANK0                       000020  00003C  00005C        20       1  BANK0       1
                cstackCOMMON                   000070  00000E  00007E        70       1  COMMON      1
                text10                         0002D0  000007  0002D7       5A0       0  CODE        2
                clrtext                        0002D7  000008  0002DF       5AE       0  CODE        2
                text7                          0002DF  00000D  0002EC       5BE       0  CODE        2
                idataBANK0                     0002EC  00000E  0002FA       5D8       0  CODE        2
                text11                         0002FA  00000F  000309       5F4       0  CODE        2
                inittext                       000309  000013  00031C       612       0  CODE        2
                text2                          00031C  000015  000331       638       0  CODE        2
                text6                          000331  000018  000349       662       0  CODE        2
                text3                          000349  000025  00036E       692       0  CODE        2
                text4                          00036E  000044  0003B2       6DC       0  CODE        2
                text8                          0003B2  000046  0003F8       764       0  CODE        2
                text9                          0003F8  000068  000460       7F0       0  CODE        2
                text5                          000460  000084  0004E4       8C0       0  CODE        2
                text1                          0004E4  000179  00065D       9C8       0  CODE        2
                maintext                       00065D  000189  0007E6       CBA       0  CODE        2
                cinit                          0007E6  00001A  000800       FCC       0  CODE        2


UNUSED ADDRESS RANGES

        Name                Unused          Largest block    Delta
        BANK0            005C-006F             14           1
        BANK1            00A0-00EF             50           1
        BANK2            0110-016F             60           1
        BANK3            0190-01EF             60           1
        CODE             0003-02CF            2CD           2
                         0800-1FFF            800
        CONST            0003-02CF            100           2
                         0800-1FFF            100
        EEDATA           2100-21FF            100           2
        ENTRY            0003-02CF            100           2
                         0800-1FFF            100
        IDLOC            2000-2003              4           2
        RAM              005C-006F             14           1
                         00A0-00EF             50
                         0110-016F             60
                         0190-01EF             60
        SFR0             0000-001F             20           1
        SFR1             0080-009F             20           1
        SFR2             0100-010F             10           1
        SFR3             0180-018F             10           1
        STRCODE          0003-02CF            2CD           2
                         0800-1FFF           1800
        STRING           0003-02CF            100           2
                         0800-1FFF            100

                                  Symbol Table

?___lldiv                cstackBANK0  0039
?___lmul                 cstackCOMMON 0070
?___lwdiv                cstackCOMMON 0076
?___wmul                 cstackCOMMON 0070
_ADCON0                  (abs)        001F
_ADCON1                  (abs)        009F
_ADRESH                  (abs)        001E
_ADRESL                  (abs)        009E
_CCP1CON                 (abs)        0017
_CCPR1L                  (abs)        0015
_PORTC                   (abs)        0007
_PORTD                   (abs)        0008
_PR2                     (abs)        0092
_RCSTA                   (abs)        0018
_SPBRG                   (abs)        0099
_T2CON                   (abs)        0012
_TRISA                   (abs)        0085
_TRISC                   (abs)        0087
_TRISD                   (abs)        0088
_TXREG                   (abs)        0019
_TXSTA                   (abs)        0098
_UART_init               text11       02FA
_UART_newline            text10       02D0
__H__absolute__          __absolute__ 0000
__Habs1                  abs1         0000
__Hbank0                 bank0        0000
__Hbank1                 bank1        0000
__Hbank2                 bank2        0000
__Hbank3                 bank3        0000
__HbssBANK0              bssBANK0     0000
__Hcinit                 cinit        0800
__Hclrtext               clrtext      0000
__Hcode                  code         0000
__Hcommon                common       0000
__Hconfig                config       2008
__HcstackBANK0           cstackBANK0  0000
__HcstackCOMMON          cstackCOMMON 0000
__HdataBANK0             dataBANK0    0000
__Heeprom_data           eeprom_data  0000
__Hend_init              end_init     0003
__Hfunctab               functab      0000
__Hheap                  heap         0000
__HidataBANK0            idataBANK0   0000
__Hinit                  init         0000
__Hinittext              inittext     0000
__Hintentry              intentry     0000
__Hmaintext              maintext     0000
__Hpowerup               powerup      0000
__Hram                   ram          0000
__Hreset_vec             reset_vec    0000
__Hsfr0                  sfr0         0000
__Hsfr1                  sfr1         0000
__Hsfr2                  sfr2         0000
__Hsfr3                  sfr3         0000
__Hspace_0               (abs)        0800
__Hspace_1               (abs)        007E
__Hspace_2               (abs)        0000
__Hspace_3               (abs)        0000
__Hspace_4               (abs)        400F
__Hstack                 stack        0000
__Hstrings               strings      0000
__Htext                  text         0000
__L__absolute__          __absolute__ 0000
__Labs1                  abs1         0000
__Lbank0                 bank0        0000
__Lbank1                 bank1        0000
__Lbank2                 bank2        0000
__Lbank3                 bank3        0000
__LbssBANK0              bssBANK0     0000
__Lcinit                 cinit        07E6
__Lclrtext               clrtext      0000
__Lcode                  code         0000
__Lcommon                common       0000
__Lconfig                config       0000
__LcstackBANK0           cstackBANK0  0000
__LcstackCOMMON          cstackCOMMON 0000
__LdataBANK0             dataBANK0    0000
__Leeprom_data           eeprom_data  0000
__Lend_init              end_init     0000
__Lfunctab               functab      0000
__Lheap                  heap         0000
__LidataBANK0            idataBANK0   0000
__Linit                  init         0000
__Linittext              inittext     0000
__Lintentry              intentry     0000
__Lmaintext              maintext     0000
__Lpowerup               powerup      0000
__Lram                   ram          0000
__Lreset_vec             reset_vec    0000
__Lsfr0                  sfr0         0000
__Lsfr1                  sfr1         0000
__Lsfr2                  sfr2         0000
__Lsfr3                  sfr3         0000
__Lspace_0               (abs)        0000
__Lspace_1               (abs)        0000
__Lspace_2               (abs)        0000
__Lspace_3               (abs)        0000
__Lspace_4               (abs)        0000
__Lstack                 stack        0000
__Lstrings               strings      0000
__Ltext                  text         0000
__S0                     (abs)        0800
__S1                     (abs)        007E
__S3                     (abs)        0000
___heap_hi               (abs)        0000
___heap_lo               (abs)        0000
___int_sp                stack        0000
___int_stack_hi          stack        0000
___int_stack_lo          stack        0000
___latbits               (abs)        0002
___lldiv                 text9        03F8
___lldiv@counter         cstackBANK0  0045
___lldiv@dividend        cstackBANK0  003D
___lldiv@divisor         cstackBANK0  0039
___lldiv@quotient        cstackBANK0  0041
___lmul                  text8        03B2
___lmul@multiplicand     cstackCOMMON 0074
___lmul@multiplier       cstackCOMMON 0070
___lmul@product          cstackCOMMON 0079
___lwdiv                 text4        036E
___lwdiv@counter         cstackCOMMON 007C
___lwdiv@dividend        cstackCOMMON 0078
___lwdiv@divisor         cstackCOMMON 0076
___lwdiv@quotient        cstackCOMMON 007A
___sp                    stack        0000
___stack_hi              stack        0000
___stack_lo              stack        0000
___stackhi               (abs)        0000
___stacklo               (abs)        0000
___wmul                  text3        0349
___wmul@multiplicand     cstackCOMMON 0072
___wmul@multiplier       cstackCOMMON 0070
___wmul@product          cstackCOMMON 0074
__end_of_UART_init       text11       0309
__end_of_UART_newline    text10       02D7
__end_of___lldiv         text9        0460
__end_of___lmul          text8        03F8
__end_of___lwdiv         text4        03B2
__end_of___wmul          text3        036E
__end_of__initialization cinit        07FC
__end_of_cmd             text6        0349
__end_of_data            text2        0331
__end_of_delay           text7        02EC
__end_of_init            text5        04E4
__end_of_main            maintext     07E6
__end_of_output          text1        065D
__initialization         cinit        07E6
__pbssBANK0              bssBANK0     0020
__pcstackBANK0           cstackBANK0  0039
__pcstackCOMMON          cstackCOMMON 0070
__pdataBANK0             dataBANK0    004E
__pidataBANK0            idataBANK0   02EC
__pmaintext              maintext     065D
__ptext1                 text1        04E4
__ptext10                text10       02D0
__ptext11                text11       02FA
__ptext2                 text2        031C
__ptext3                 text3        0349
__ptext4                 text4        036E
__ptext5                 text5        0460
__ptext6                 text6        0331
__ptext7                 text7        02DF
__ptext8                 text8        03B2
__ptext9                 text9        03F8
_ch0                     dataBANK0    0055
_ch1                     dataBANK0    004E
_cmd                     text6        0331
_d0                      bssBANK0     0030
_d1                      bssBANK0     0032
_d2                      bssBANK0     0034
_d3                      bssBANK0     0036
_data                    text2        031C
_delay                   text7        02DF
_hival                   bssBANK0     0028
_init                    text5        0460
_loval                   bssBANK0     002C
_main                    maintext     065D
_n                       bssBANK0     0038
_output                  text1        04E4
_val                     bssBANK0     0020
_volt                    bssBANK0     0024
btemp                    (abs)        007E
clear_ram0               clrtext      02D7
cmd@i                    cstackCOMMON 0072
data@i                   cstackCOMMON 0072
delay@x                  cstackCOMMON 0070
end_of_initialization    cinit        07FC
init_fetch0              inittext     0309
init_ram0                inittext     030D
intlevel0                functab      0000
intlevel1                functab      0000
intlevel2                functab      0000
intlevel3                functab      0000
intlevel4                functab      0000
intlevel5                functab      0000
output@n                 cstackBANK0  0039
reset_vec                reset_vec    0000
start                    init         0000
start_initialization     cinit        07E6
wtemp0                   (abs)        007E


MODULE INFORMATION

Module		Function		Class		Link	Load	Size
C:\Program Files\Microchip\xc8\v2.45\pic\sources\c99\common\Umul16.c
		___wmul        		CODE           	0349	0000	37

C:\Program Files\Microchip\xc8\v2.45\pic\sources\c99\common\Umul16.c estimated size: 37

ADC_PWM_task.c
		_init          		CODE           	0460	0000	132
		_delay         		CODE           	02DF	0000	13
		_UART_init     		CODE           	02FA	0000	15
		_main          		CODE           	065D	0000	393
		_output        		CODE           	04E4	0000	377
		_data          		CODE           	031C	0000	21
		_cmd           		CODE           	0331	0000	24
		_UART_newline  		CODE           	02D0	0000	7

ADC_PWM_task.c estimated size: 982

C:\Program Files\Microchip\xc8\v2.45\pic\sources\c99\common\Umul32.c
		___lmul        		CODE           	03B2	0000	70

C:\Program Files\Microchip\xc8\v2.45\pic\sources\c99\common\Umul32.c estimated size: 70

shared
		__initialization		CODE           	07E6	0000	22

shared estimated size: 22

C:\Program Files\Microchip\xc8\v2.45\pic\sources\c99\common\__lldiv.c
		___lldiv       		CODE           	03F8	0000	104

C:\Program Files\Microchip\xc8\v2.45\pic\sources\c99\common\__lldiv.c estimated size: 104

C:\Program Files\Microchip\xc8\v2.45\pic\sources\c99\common\lwdiv.c
		___lwdiv       		CODE           	036E	0000	68

C:\Program Files\Microchip\xc8\v2.45\pic\sources\c99\common\lwdiv.c estimated size: 68

