Microchip MPLAB XC8 Compiler V2.45

Linker command line:

-W-3 \
  --edf=C:\Program Files\Microchip\xc8\v2.45\pic\dat\20230818022343_en.msgs \
  -cn -h+dist/default/debug\BT_VOLT.X.debug.sym \
  --cmf=dist/default/debug\BT_VOLT.X.debug.cmf -z -Q16F877A \
  -oC:\Users\POOJAA~1\AppData\Local\Temp\xcAs9q4.\driver_tmp_3.o \
  --defsym=__MPLAB_BUILD=1 --fixupoverflow=error \
  -Mdist/default/debug/BT_VOLT.X.debug.map \
  --md=C:\Users\POOJAA~1\AppData\Local\Temp\xcAs9q4.\driver_tmp_0.dat -E1 \
  -ver=XC8 Compiler --acfsm=1493 -ACODE=00h-07FFhx4 -ASTRCODE=00h-01FFFh \
  -ASTRING=00h-0FFhx32 -ACONST=00h-0FFhx32 -AENTRY=00h-0FFhx32 \
  -ACOMMON=070h-07Fh -ABANK0=020h-06Fh -ABANK1=0A0h-0EFh \
  -ABANK2=0110h-016Fh -ABANK3=0190h-01EFh \
  -ARAM=020h-06Fh,0A0h-0EFh,0110h-016Fh,0190h-01EFh \
  -AABS1=020h-07Fh,0A0h-0EFh,0110h-016Fh,0190h-01EFh -ASFR0=00h-01Fh \
  -ASFR1=080h-09Fh -ASFR2=0100h-010Fh -ASFR3=0180h-018Fh \
  -ACONFIG=02007h-02007h -DCONFIG=2 -AIDLOC=02000h-02003h -DIDLOC=2 \
  -AEEDATA=00h-0FFh/02100h -peeprom_data=EEDATA -DEEDATA=2 -DCODE=2 \
  -DSTRCODE=2 -DSTRING=2 -DCONST=2 -DENTRY=2 \
  -preset_vec=00h,intentry,init,end_init -ppowerup=CODE -pcinit=CODE \
  -pfunctab=ENTRY -k \
  C:\Users\POOJAA~1\AppData\Local\Temp\xcAs9q4.\driver_tmp_12.o \
  dist/default/debug\BT_VOLT.X.debug.o 

Object code version is 3.11

Machine type is 16F877A



                Name                               Link     Load   Length Selector   Space Scale
C:\Users\POOJAA~1\AppData\Local\Temp\xcAs9q4.\driver_tmp_12.o
                end_init                              0        0        3        0       0
                config                             2007     2007        1        0       4
dist/default/debug\BT_VOLT.X.debug.o
                cinit                               7D5      7D5       2B      FAA       0
                config                             2007     2007        1        0       4
                text7                               36C      36C       19      6D8       0
                text6                               47C      47C       6D      8F8       0
                text5                               33E      33E       16      67C       0
                text4                               329      329       15      652       0
                text3                               3D0      3D0       44      7A0       0
                text2                               414      414       68      828       0
                text1                               4E9      4E9      2EC      9D2       0
                maintext                            354      354       18      6A8       0
                cstackBANK0                          58       58        2       20       1
                cstackCOMMON                         70       70        D       70       1
                inittext                            316      316       13      62C       0
                dataBANK1                            A0       A0       1E       A0       1
                dataBANK0                            20       20       2D       20       1
                bssBANK0                             4D       4D        B       20       1
                bssCOMMON                            7D       7D        1       70       1
                idataBANK1                          385      385       1E      70A       0
                idataBANK0                          3A3      3A3       2D      746       0

TOTAL           Name                               Link     Load   Length     Space
        CLASS   CODE           
                end_init                              0        0        3         0
                cinit                               7D5      7D5       2B         0
                text7                               36C      36C       19         0
                text6                               47C      47C       6D         0
                text5                               33E      33E       16         0
                text4                               329      329       15         0
                text3                               3D0      3D0       44         0
                text2                               414      414       68         0
                text1                               4E9      4E9      2EC         0
                maintext                            354      354       18         0
                inittext                            316      316       13         0
                idataBANK1                          385      385       1E         0
                idataBANK0                          3A3      3A3       2D         0

        CLASS   STRCODE        

        CLASS   STRING         

        CLASS   CONST          

        CLASS   ENTRY          

        CLASS   COMMON         
                cstackCOMMON                         70       70        D         1
                bssCOMMON                            7D       7D        1         1

        CLASS   BANK0          
                cstackBANK0                          58       58        2         1
                dataBANK0                            20       20       2D         1
                bssBANK0                             4D       4D        B         1

        CLASS   BANK1          
                dataBANK1                            A0       A0       1E         1

        CLASS   BANK2          

        CLASS   BANK3          

        CLASS   RAM            

        CLASS   ABS1           
                abs_s1                               7E       7E        2         1

        CLASS   SFR0           

        CLASS   SFR1           

        CLASS   SFR2           

        CLASS   SFR3           

        CLASS   CONFIG         
                config                             2007     2007        1         4

        CLASS   IDLOC          

        CLASS   EEDATA         

        CLASS   HEAP           

        CLASS   STACK          



SEGMENTS        Name                           Load    Length   Top    Selector   Space  Class     Delta

                reset_vec                      000000  000003  000003         0       0  CODE        2
                dataBANK0                      000020  00003A  00005A        20       1  BANK0       1
                cstackCOMMON                   000070  00000E  00007E        70       1  COMMON      1
                dataBANK1                      0000A0  00001E  0000BE        A0       1  BANK1       1
                inittext                       000316  000013  000329       62C       0  CODE        2
                text4                          000329  000015  00033E       652       0  CODE        2
                text5                          00033E  000016  000354       67C       0  CODE        2
                maintext                       000354  000018  00036C       6A8       0  CODE        2
                text7                          00036C  000019  000385       6D8       0  CODE        2
                idataBANK1                     000385  00001E  0003A3       70A       0  CODE        2
                idataBANK0                     0003A3  00002D  0003D0       746       0  CODE        2
                text3                          0003D0  000044  000414       7A0       0  CODE        2
                text2                          000414  000068  00047C       828       0  CODE        2
                text6                          00047C  00006D  0004E9       8F8       0  CODE        2
                text1                          0004E9  0002EC  0007D5       9D2       0  CODE        2
                cinit                          0007D5  00002B  000800       FAA       0  CODE        2


UNUSED ADDRESS RANGES

        Name                Unused          Largest block    Delta
        BANK0            005A-006F             16           1
        BANK1            00BE-00EF             32           1
        BANK2            0110-016F             60           1
        BANK3            0190-01EF             60           1
        CODE             0003-0315            313           2
                         0800-1FFF            800
        CONST            0003-0315            100           2
                         0800-1FFF            100
        EEDATA           2100-21FF            100           2
        ENTRY            0003-0315            100           2
                         0800-1FFF            100
        IDLOC            2000-2003              4           2
        RAM              005A-006F             16           1
                         00BE-00EF             32
                         0110-016F             60
                         0190-01EF             60
        SFR0             0000-001F             20           1
        SFR1             0080-009F             20           1
        SFR2             0100-010F             10           1
        SFR3             0180-018F             10           1
        STRCODE          0003-0315            313           2
                         0800-1FFF           1800
        STRING           0003-0315            100           2
                         0800-1FFF            100

                                  Symbol Table

?___lwdiv                cstackCOMMON 0070
LCDOutput@i              cstackCOMMON 0077
LCDOutput@k              cstackCOMMON 0079
LCD_Comm@i               cstackCOMMON 0072
LCD_Data@i               cstackCOMMON 0072
_LCDOutput               text2        0414
_LCD_Comm                text7        036C
_LCD_Data                text5        033E
_OPTION_REG              (abs)        0081
_PORTB                   (abs)        0006
_PORTC                   (abs)        0007
_PORTD                   (abs)        0008
_TRISB                   (abs)        0086
_TRISC                   (abs)        0087
_TRISD                   (abs)        0088
__H__absolute__          __absolute__ 0000
__Habs1                  abs1         0000
__Hbank0                 bank0        0000
__Hbank1                 bank1        0000
__Hbank2                 bank2        0000
__Hbank3                 bank3        0000
__HbssBANK0              bssBANK0     0000
__HbssCOMMON             bssCOMMON    0000
__Hcinit                 cinit        0800
__Hclrtext               clrtext      0000
__Hcode                  code         0000
__Hcommon                common       0000
__Hconfig                config       2008
__HcstackBANK0           cstackBANK0  0000
__HcstackCOMMON          cstackCOMMON 0000
__HdataBANK0             dataBANK0    0000
__HdataBANK1             dataBANK1    0000
__Heeprom_data           eeprom_data  0000
__Hend_init              end_init     0003
__Hfunctab               functab      0000
__Hheap                  heap         0000
__HidataBANK0            idataBANK0   0000
__HidataBANK1            idataBANK1   0000
__Hinit                  init         0000
__Hinittext              inittext     0000
__Hintentry              intentry     0000
__Hmaintext              maintext     0000
__Hpowerup               powerup      0000
__Hram                   ram          0000
__Hreset_vec             reset_vec    0000
__Hsfr0                  sfr0         0000
__Hsfr1                  sfr1         0000
__Hsfr2                  sfr2         0000
__Hsfr3                  sfr3         0000
__Hspace_0               (abs)        0800
__Hspace_1               (abs)        00BE
__Hspace_2               (abs)        0000
__Hspace_3               (abs)        0000
__Hspace_4               (abs)        400F
__Hstack                 stack        0000
__Hstrings               strings      0000
__Htext                  text         0000
__L__absolute__          __absolute__ 0000
__Labs1                  abs1         0000
__Lbank0                 bank0        0000
__Lbank1                 bank1        0000
__Lbank2                 bank2        0000
__Lbank3                 bank3        0000
__LbssBANK0              bssBANK0     0000
__LbssCOMMON             bssCOMMON    0000
__Lcinit                 cinit        07D5
__Lclrtext               clrtext      0000
__Lcode                  code         0000
__Lcommon                common       0000
__Lconfig                config       0000
__LcstackBANK0           cstackBANK0  0000
__LcstackCOMMON          cstackCOMMON 0000
__LdataBANK0             dataBANK0    0000
__LdataBANK1             dataBANK1    0000
__Leeprom_data           eeprom_data  0000
__Lend_init              end_init     0000
__Lfunctab               functab      0000
__Lheap                  heap         0000
__LidataBANK0            idataBANK0   0000
__LidataBANK1            idataBANK1   0000
__Linit                  init         0000
__Linittext              inittext     0000
__Lintentry              intentry     0000
__Lmaintext              maintext     0000
__Lpowerup               powerup      0000
__Lram                   ram          0000
__Lreset_vec             reset_vec    0000
__Lsfr0                  sfr0         0000
__Lsfr1                  sfr1         0000
__Lsfr2                  sfr2         0000
__Lsfr3                  sfr3         0000
__Lspace_0               (abs)        0000
__Lspace_1               (abs)        0000
__Lspace_2               (abs)        0000
__Lspace_3               (abs)        0000
__Lspace_4               (abs)        0000
__Lstack                 stack        0000
__Lstrings               strings      0000
__Ltext                  text         0000
__S0                     (abs)        0800
__S1                     (abs)        00BE
__S3                     (abs)        0000
___bmul                  text4        0329
___bmul@multiplicand     cstackCOMMON 0070
___bmul@multiplier       cstackCOMMON 0072
___bmul@product          cstackCOMMON 0071
___heap_hi               (abs)        0000
___heap_lo               (abs)        0000
___int_sp                stack        0000
___int_stack_hi          stack        0000
___int_stack_lo          stack        0000
___latbits               (abs)        0002
___lwdiv                 text3        03D0
___lwdiv@counter         cstackCOMMON 0076
___lwdiv@dividend        cstackCOMMON 0072
___lwdiv@divisor         cstackCOMMON 0070
___lwdiv@quotient        cstackCOMMON 0074
___sp                    stack        0000
___stack_hi              stack        0000
___stack_lo              stack        0000
___stackhi               (abs)        0000
___stacklo               (abs)        0000
__end_of_LCDOutput       text2        047C
__end_of_LCD_Comm        text7        0385
__end_of_LCD_Data        text5        0354
__end_of___bmul          text4        033E
__end_of___lwdiv         text3        0414
__end_of__initialization cinit        07FC
__end_of_init            text6        04E9
__end_of_keyscan         text1        07D5
__end_of_main            maintext     036C
__initialization         cinit        07D5
__pbssBANK0              bssBANK0     004D
__pbssCOMMON             bssCOMMON    007D
__pcstackBANK0           cstackBANK0  0058
__pcstackCOMMON          cstackCOMMON 0070
__pdataBANK0             dataBANK0    0020
__pdataBANK1             dataBANK1    00A0
__pidataBANK0            idataBANK0   03A3
__pidataBANK1            idataBANK1   0385
__pmaintext              maintext     0354
__ptext1                 text1        04E9
__ptext2                 text2        0414
__ptext3                 text3        03D0
__ptext4                 text4        0329
__ptext5                 text5        033E
__ptext6                 text6        047C
__ptext7                 text7        036C
_arr                     dataBANK1    00A0
_d0                      bssBANK0     0051
_d1                      bssBANK0     0053
_d2                      bssBANK0     0055
_high                    dataBANK0    0020
_init                    text6        047C
_j                       bssBANK0     004F
_keyscan                 text1        04E9
_low                     dataBANK0    003E
_main                    maintext     0354
_n                       bssBANK0     004D
_norm                    dataBANK0    002F
_val                     bssBANK0     0057
_x                       bssCOMMON    007D
btemp                    (abs)        007E
end_of_initialization    cinit        07FC
init_fetch0              inittext     0316
init_ram0                inittext     031A
intlevel0                functab      0000
intlevel1                functab      0000
intlevel2                functab      0000
intlevel3                functab      0000
intlevel4                functab      0000
intlevel5                functab      0000
reset_vec                reset_vec    0000
start                    init         0000
start_initialization     cinit        07D5
wtemp0                   (abs)        007E


MODULE INFORMATION

Module		Function		Class		Link	Load	Size
C:\Program Files\Microchip\xc8\v2.45\pic\sources\c99\common\Umul8.c
		___bmul        		CODE           	0329	0000	21

C:\Program Files\Microchip\xc8\v2.45\pic\sources\c99\common\Umul8.c estimated size: 21

shared
		__initialization		CODE           	07D5	0000	39

shared estimated size: 39

Battery.c
		_init          		CODE           	047C	0000	109
		_LCD_Comm      		CODE           	036C	0000	25
		_LCDOutput     		CODE           	0414	0000	104
		_LCD_Data      		CODE           	033E	0000	22
		_main          		CODE           	0354	0000	24
		_keyscan       		CODE           	04E9	0000	748

Battery.c estimated size: 1032

C:\Program Files\Microchip\xc8\v2.45\pic\sources\c99\common\lwdiv.c
		___lwdiv       		CODE           	03D0	0000	68

C:\Program Files\Microchip\xc8\v2.45\pic\sources\c99\common\lwdiv.c estimated size: 68

