Microchip MPLAB XC8 Compiler V2.45

Linker command line:

-W-3 \
  --edf=C:\Program Files\Microchip\xc8\v2.45\pic\dat\20230818022343_en.msgs \
  -cn -h+dist/default/debug\ADC.X.debug.sym \
  --cmf=dist/default/debug\ADC.X.debug.cmf -z -Q16F877A \
  -oC:\Users\POOJAA~1\AppData\Local\Temp\xcAsn7s.\driver_tmp_3.o \
  --defsym=__MPLAB_BUILD=1 --fixupoverflow=error \
  -Mdist/default/debug/ADC.X.debug.map \
  --md=C:\Users\POOJAA~1\AppData\Local\Temp\xcAsn7s.\driver_tmp_0.dat -E1 \
  -ver=XC8 Compiler --acfsm=1493 -ACODE=00h-07FFhx4 -ASTRCODE=00h-01FFFh \
  -ASTRING=00h-0FFhx32 -ACONST=00h-0FFhx32 -AENTRY=00h-0FFhx32 \
  -ACOMMON=070h-07Fh -ABANK0=020h-06Fh -ABANK1=0A0h-0EFh \
  -ABANK2=0110h-016Fh -ABANK3=0190h-01EFh \
  -ARAM=020h-06Fh,0A0h-0EFh,0110h-016Fh,0190h-01EFh \
  -AABS1=020h-07Fh,0A0h-0EFh,0110h-016Fh,0190h-01EFh -ASFR0=00h-01Fh \
  -ASFR1=080h-09Fh -ASFR2=0100h-010Fh -ASFR3=0180h-018Fh \
  -ACONFIG=02007h-02007h -DCONFIG=2 -AIDLOC=02000h-02003h -DIDLOC=2 \
  -AEEDATA=00h-0FFh/02100h -peeprom_data=EEDATA -DEEDATA=2 -DCODE=2 \
  -DSTRCODE=2 -DSTRING=2 -DCONST=2 -DENTRY=2 \
  -preset_vec=00h,intentry,init,end_init -ppowerup=CODE -pcinit=CODE \
  -pfunctab=ENTRY -k \
  C:\Users\POOJAA~1\AppData\Local\Temp\xcAsn7s.\driver_tmp_12.o \
  dist/default/debug\ADC.X.debug.o 

Object code version is 3.11

Machine type is 16F877A



                Name                               Link     Load   Length Selector   Space Scale
C:\Users\POOJAA~1\AppData\Local\Temp\xcAsn7s.\driver_tmp_12.o
                end_init                              0        0        3        0       0
                config                             2007     2007        1        0       4
dist/default/debug\ADC.X.debug.o
                cinit                               7F3      7F3        D      FE6       0
                config                             2007     2007        1        0       4
                text9                               623      623       68      C46       0
                text8                               5DD      5DD       46      BBA       0
                text7                               54A      54A        D      A94       0
                text6                               581      581       18      B02       0
                text5                               6FA      6FA       78      DF4       0
                text4                               557      557       15      AAE       0
                text3                               599      599       44      B32       0
                text2                               56C      56C       15      AD8       0
                text1                               68B      68B       6F      D16       0
                maintext                            772      772       81      EE4       0
                cstackBANK0                          3B       3B        F       20       1
                cstackCOMMON                         70       70        E       70       1
                clrtext                             542      542        8      A84       0
                bssBANK0                             20       20       1B       20       1

TOTAL           Name                               Link     Load   Length     Space
        CLASS   CODE           
                end_init                              0        0        3         0
                cinit                               7F3      7F3        D         0
                text9                               623      623       68         0
                text8                               5DD      5DD       46         0
                text7                               54A      54A        D         0
                text6                               581      581       18         0
                text5                               6FA      6FA       78         0
                text4                               557      557       15         0
                text3                               599      599       44         0
                text2                               56C      56C       15         0
                text1                               68B      68B       6F         0
                maintext                            772      772       81         0
                clrtext                             542      542        8         0

        CLASS   STRCODE        

        CLASS   STRING         

        CLASS   CONST          

        CLASS   ENTRY          

        CLASS   COMMON         
                cstackCOMMON                         70       70        E         1

        CLASS   BANK0          
                cstackBANK0                          3B       3B        F         1
                bssBANK0                             20       20       1B         1

        CLASS   BANK1          

        CLASS   BANK2          

        CLASS   BANK3          

        CLASS   RAM            

        CLASS   ABS1           
                abs_s1                               7E       7E        2         1

        CLASS   SFR0           

        CLASS   SFR1           

        CLASS   SFR2           

        CLASS   SFR3           

        CLASS   CONFIG         
                config                             2007     2007        1         4

        CLASS   IDLOC          

        CLASS   EEDATA         

        CLASS   HEAP           

        CLASS   STACK          



SEGMENTS        Name                           Load    Length   Top    Selector   Space  Class     Delta

                reset_vec                      000000  000003  000003         0       0  CODE        2
                bssBANK0                       000020  00002A  00004A        20       1  BANK0       1
                cstackCOMMON                   000070  00000E  00007E        70       1  COMMON      1
                clrtext                        000542  000008  00054A       A84       0  CODE        2
                text7                          00054A  00000D  000557       A94       0  CODE        2
                text4                          000557  000015  00056C       AAE       0  CODE        2
                text2                          00056C  000015  000581       AD8       0  CODE        2
                text6                          000581  000018  000599       B02       0  CODE        2
                text3                          000599  000044  0005DD       B32       0  CODE        2
                text8                          0005DD  000046  000623       BBA       0  CODE        2
                text9                          000623  000068  00068B       C46       0  CODE        2
                text1                          00068B  00006F  0006FA       D16       0  CODE        2
                text5                          0006FA  000078  000772       DF4       0  CODE        2
                maintext                       000772  000081  0007F3       EE4       0  CODE        2
                cinit                          0007F3  00000D  000800       FE6       0  CODE        2


UNUSED ADDRESS RANGES

        Name                Unused          Largest block    Delta
        BANK0            004A-006F             26           1
        BANK1            00A0-00EF             50           1
        BANK2            0110-016F             60           1
        BANK3            0190-01EF             60           1
        CODE             0003-0541            53F           2
                         0800-1FFF            800
        CONST            0003-0541            100           2
                         0800-1FFF            100
        EEDATA           2100-21FF            100           2
        ENTRY            0003-0541            100           2
                         0800-1FFF            100
        IDLOC            2000-2003              4           2
        RAM              004A-006F             26           1
                         00A0-00EF             50
                         0110-016F             60
                         0190-01EF             60
        SFR0             0000-001F             20           1
        SFR1             0080-009F             20           1
        SFR2             0100-010F             10           1
        SFR3             0180-018F             10           1
        STRCODE          0003-0541            53F           2
                         0800-1FFF           1800
        STRING           0003-0541            100           2
                         0800-1FFF            100

                                  Symbol Table

?___lldiv                cstackBANK0  003B
?___lmul                 cstackCOMMON 0070
?___lwdiv                cstackCOMMON 0070
_ADCON0                  (abs)        001F
_ADCON1                  (abs)        009F
_ADRESH                  (abs)        001E
_ADRESL                  (abs)        009E
_PORTC                   (abs)        0007
_PORTD                   (abs)        0008
_TRISA                   (abs)        0085
_TRISC                   (abs)        0087
_TRISD                   (abs)        0088
__H__absolute__          __absolute__ 0000
__Habs1                  abs1         0000
__Hbank0                 bank0        0000
__Hbank1                 bank1        0000
__Hbank2                 bank2        0000
__Hbank3                 bank3        0000
__HbssBANK0              bssBANK0     0000
__Hcinit                 cinit        0800
__Hclrtext               clrtext      0000
__Hcode                  code         0000
__Hcommon                common       0000
__Hconfig                config       2008
__HcstackBANK0           cstackBANK0  0000
__HcstackCOMMON          cstackCOMMON 0000
__Heeprom_data           eeprom_data  0000
__Hend_init              end_init     0003
__Hfunctab               functab      0000
__Hheap                  heap         0000
__Hinit                  init         0000
__Hintentry              intentry     0000
__Hmaintext              maintext     0000
__Hpowerup               powerup      0000
__Hram                   ram          0000
__Hreset_vec             reset_vec    0000
__Hsfr0                  sfr0         0000
__Hsfr1                  sfr1         0000
__Hsfr2                  sfr2         0000
__Hsfr3                  sfr3         0000
__Hspace_0               (abs)        0800
__Hspace_1               (abs)        007E
__Hspace_2               (abs)        0000
__Hspace_3               (abs)        0000
__Hspace_4               (abs)        400F
__Hstack                 stack        0000
__Hstrings               strings      0000
__Htext                  text         0000
__L__absolute__          __absolute__ 0000
__Labs1                  abs1         0000
__Lbank0                 bank0        0000
__Lbank1                 bank1        0000
__Lbank2                 bank2        0000
__Lbank3                 bank3        0000
__LbssBANK0              bssBANK0     0000
__Lcinit                 cinit        07F3
__Lclrtext               clrtext      0000
__Lcode                  code         0000
__Lcommon                common       0000
__Lconfig                config       0000
__LcstackBANK0           cstackBANK0  0000
__LcstackCOMMON          cstackCOMMON 0000
__Leeprom_data           eeprom_data  0000
__Lend_init              end_init     0000
__Lfunctab               functab      0000
__Lheap                  heap         0000
__Linit                  init         0000
__Lintentry              intentry     0000
__Lmaintext              maintext     0000
__Lpowerup               powerup      0000
__Lram                   ram          0000
__Lreset_vec             reset_vec    0000
__Lsfr0                  sfr0         0000
__Lsfr1                  sfr1         0000
__Lsfr2                  sfr2         0000
__Lsfr3                  sfr3         0000
__Lspace_0               (abs)        0000
__Lspace_1               (abs)        0000
__Lspace_2               (abs)        0000
__Lspace_3               (abs)        0000
__Lspace_4               (abs)        0000
__Lstack                 stack        0000
__Lstrings               strings      0000
__Ltext                  text         0000
__S0                     (abs)        0800
__S1                     (abs)        007E
__S3                     (abs)        0000
___bmul                  text4        0557
___bmul@multiplicand     cstackCOMMON 0077
___bmul@multiplier       cstackCOMMON 0079
___bmul@product          cstackCOMMON 0078
___heap_hi               (abs)        0000
___heap_lo               (abs)        0000
___int_sp                stack        0000
___int_stack_hi          stack        0000
___int_stack_lo          stack        0000
___latbits               (abs)        0002
___lldiv                 text9        0623
___lldiv@counter         cstackBANK0  0047
___lldiv@dividend        cstackBANK0  003F
___lldiv@divisor         cstackBANK0  003B
___lldiv@quotient        cstackBANK0  0043
___lmul                  text8        05DD
___lmul@multiplicand     cstackCOMMON 0074
___lmul@multiplier       cstackCOMMON 0070
___lmul@product          cstackCOMMON 0079
___lwdiv                 text3        0599
___lwdiv@counter         cstackCOMMON 0076
___lwdiv@dividend        cstackCOMMON 0072
___lwdiv@divisor         cstackCOMMON 0070
___lwdiv@quotient        cstackCOMMON 0074
___sp                    stack        0000
___stack_hi              stack        0000
___stack_lo              stack        0000
___stackhi               (abs)        0000
___stacklo               (abs)        0000
__end_of___bmul          text4        056C
__end_of___lldiv         text9        068B
__end_of___lmul          text8        0623
__end_of___lwdiv         text3        05DD
__end_of__initialization cinit        07FC
__end_of_cmd             text6        0599
__end_of_data            text2        0581
__end_of_delay           text7        0557
__end_of_init            text5        0772
__end_of_main            maintext     07F3
__end_of_output          text1        06FA
__initialization         cinit        07F3
__pbssBANK0              bssBANK0     0020
__pcstackBANK0           cstackBANK0  003B
__pcstackCOMMON          cstackCOMMON 0070
__pmaintext              maintext     0772
__ptext1                 text1        068B
__ptext2                 text2        056C
__ptext3                 text3        0599
__ptext4                 text4        0557
__ptext5                 text5        06FA
__ptext6                 text6        0581
__ptext7                 text7        054A
__ptext8                 text8        05DD
__ptext9                 text9        0623
_cmd                     text6        0581
_data                    text2        056C
_delay                   text7        054A
_hival                   bssBANK0     0036
_init                    text5        06FA
_j                       bssBANK0     003A
_k                       bssBANK0     0020
_loval                   bssBANK0     0034
_m                       bssBANK0     0032
_main                    maintext     0772
_output                  text1        068B
_s                       bssBANK0     0038
_val                     bssBANK0     002E
_voltage                 bssBANK0     002A
btemp                    (abs)        007E
clear_ram0               clrtext      0542
cmd@i                    cstackCOMMON 0072
data@i                   cstackCOMMON 0072
delay@x                  cstackCOMMON 0070
end_of_initialization    cinit        07FC
intlevel0                functab      0000
intlevel1                functab      0000
intlevel2                functab      0000
intlevel3                functab      0000
intlevel4                functab      0000
intlevel5                functab      0000
output@i                 cstackCOMMON 007A
reset_vec                reset_vec    0000
start                    init         0000
start_initialization     cinit        07F3
wtemp0                   (abs)        007E


MODULE INFORMATION

Module		Function		Class		Link	Load	Size
C:\Program Files\Microchip\xc8\v2.45\pic\sources\c99\common\Umul8.c
		___bmul        		CODE           	0557	0000	21

C:\Program Files\Microchip\xc8\v2.45\pic\sources\c99\common\Umul8.c estimated size: 21

C:\Program Files\Microchip\xc8\v2.45\pic\sources\c99\common\Umul32.c
		___lmul        		CODE           	05DD	0000	70

C:\Program Files\Microchip\xc8\v2.45\pic\sources\c99\common\Umul32.c estimated size: 70

adc.c
		_init          		CODE           	06FA	0000	120
		_delay         		CODE           	054A	0000	13
		_main          		CODE           	0772	0000	129
		_output        		CODE           	068B	0000	111
		_data          		CODE           	056C	0000	21
		_cmd           		CODE           	0581	0000	24

adc.c estimated size: 418

shared
		__initialization		CODE           	07F3	0000	9

shared estimated size: 9

C:\Program Files\Microchip\xc8\v2.45\pic\sources\c99\common\__lldiv.c
		___lldiv       		CODE           	0623	0000	104

C:\Program Files\Microchip\xc8\v2.45\pic\sources\c99\common\__lldiv.c estimated size: 104

C:\Program Files\Microchip\xc8\v2.45\pic\sources\c99\common\lwdiv.c
		___lwdiv       		CODE           	0599	0000	68

C:\Program Files\Microchip\xc8\v2.45\pic\sources\c99\common\lwdiv.c estimated size: 68

