Microchip MPLAB XC8 Compiler V2.45

Linker command line:

-W-3 \
  --edf=C:\Program Files\Microchip\xc8\v2.45\pic\dat\20230818022343_en.msgs \
  -cn -h+dist/default/production\I2C_with_EEPROM.X.production.sym \
  --cmf=dist/default/production\I2C_with_EEPROM.X.production.cmf -z \
  -Q16F877A -oC:\Users\POOJAA~1\AppData\Local\Temp\xcBs2bc.1\driver_tmp_3.o \
  --defsym=__MPLAB_BUILD=1 --fixupoverflow=error \
  -Mdist/default/production/I2C_with_EEPROM.X.production.map \
  --md=C:\Users\POOJAA~1\AppData\Local\Temp\xcBs2bc.1\driver_tmp_0.dat -E1 \
  -ver=XC8 Compiler --acfsm=1493 -ACODE=00h-07FFhx4 -ASTRCODE=00h-01FFFh \
  -ASTRING=00h-0FFhx32 -ACONST=00h-0FFhx32 -AENTRY=00h-0FFhx32 \
  -ACOMMON=070h-07Fh -ABANK0=020h-06Fh -ABANK1=0A0h-0EFh \
  -ABANK2=0110h-016Fh -ABANK3=0190h-01EFh \
  -ARAM=020h-06Fh,0A0h-0EFh,0110h-016Fh,0190h-01EFh \
  -AABS1=020h-07Fh,0A0h-0EFh,0110h-016Fh,0190h-01EFh -ASFR0=00h-01Fh \
  -ASFR1=080h-09Fh -ASFR2=0100h-010Fh -ASFR3=0180h-018Fh \
  -ACONFIG=02007h-02007h -DCONFIG=2 -AIDLOC=02000h-02003h -DIDLOC=2 \
  -AEEDATA=00h-0FFh/02100h -peeprom_data=EEDATA -DEEDATA=2 -DCODE=2 \
  -DSTRCODE=2 -DSTRING=2 -DCONST=2 -DENTRY=2 \
  -preset_vec=00h,intentry,init,end_init -ppowerup=CODE -pcinit=CODE \
  -pfunctab=ENTRY -k \
  C:\Users\POOJAA~1\AppData\Local\Temp\xcBs2bc.1\driver_tmp_12.o \
  dist/default/production\I2C_with_EEPROM.X.production.o 

Object code version is 3.11

Machine type is 16F877A



                Name                               Link     Load   Length Selector   Space Scale
C:\Users\POOJAA~1\AppData\Local\Temp\xcBs2bc.1\driver_tmp_12.o
                end_init                              0        0        3        0       0
                config                             2007     2007        1        0       4
dist/default/production\I2C_with_EEPROM.X.production.o
                cinit                               7FC      7FC        4      FF8       0
                config                             2007     2007        1        0       4
                text11                              64D      64D        D      C9A       0
                text10                              626      626        9      C4C       0
                text9                               62F      62F        9      C5E       0
                text8                               638      638        9      C70       0
                text7                               65A      65A       15      CB4       0
                text6                               641      641        C      C82       0
                text5                               66F      66F       17      CDE       0
                text4                               6EC      6EC       3D      DD8       0
                text3                               686      686       2E      D0C       0
                text2                               729      729       66      E52       0
                text1                               6B4      6B4       38      D68       0
                maintext                            78F      78F       6D      F1E       0
                cstackBANK0                          20       20        A       20       1
                cstackCOMMON                         70       70        E       70       1

TOTAL           Name                               Link     Load   Length     Space
        CLASS   CODE           
                end_init                              0        0        3         0
                cinit                               7FC      7FC        4         0
                text11                              64D      64D        D         0
                text10                              626      626        9         0
                text9                               62F      62F        9         0
                text8                               638      638        9         0
                text7                               65A      65A       15         0
                text6                               641      641        C         0
                text5                               66F      66F       17         0
                text4                               6EC      6EC       3D         0
                text3                               686      686       2E         0
                text2                               729      729       66         0
                text1                               6B4      6B4       38         0
                maintext                            78F      78F       6D         0

        CLASS   STRCODE        

        CLASS   STRING         

        CLASS   CONST          

        CLASS   ENTRY          

        CLASS   COMMON         
                cstackCOMMON                         70       70        E         1

        CLASS   BANK0          
                cstackBANK0                          20       20        A         1

        CLASS   BANK1          

        CLASS   BANK2          

        CLASS   BANK3          

        CLASS   RAM            

        CLASS   ABS1           
                abs_s1                               7E       7E        2         1

        CLASS   SFR0           

        CLASS   SFR1           

        CLASS   SFR2           

        CLASS   SFR3           

        CLASS   CONFIG         
                config                             2007     2007        1         4

        CLASS   IDLOC          

        CLASS   EEDATA         

        CLASS   HEAP           

        CLASS   STACK          



SEGMENTS        Name                           Load    Length   Top    Selector   Space  Class     Delta

                reset_vec                      000000  000003  000003         0       0  CODE        2
                cstackBANK0                    000020  00000A  00002A        20       1  BANK0       1
                cstackCOMMON                   000070  00000E  00007E        70       1  COMMON      1
                text10                         000626  000009  00062F       C4C       0  CODE        2
                text9                          00062F  000009  000638       C5E       0  CODE        2
                text8                          000638  000009  000641       C70       0  CODE        2
                text6                          000641  00000C  00064D       C82       0  CODE        2
                text11                         00064D  00000D  00065A       C9A       0  CODE        2
                text7                          00065A  000015  00066F       CB4       0  CODE        2
                text5                          00066F  000017  000686       CDE       0  CODE        2
                text3                          000686  00002E  0006B4       D0C       0  CODE        2
                text1                          0006B4  000038  0006EC       D68       0  CODE        2
                text4                          0006EC  00003D  000729       DD8       0  CODE        2
                text2                          000729  000066  00078F       E52       0  CODE        2
                maintext                       00078F  00006D  0007FC       F1E       0  CODE        2
                cinit                          0007FC  000004  000800       FF8       0  CODE        2


UNUSED ADDRESS RANGES

        Name                Unused          Largest block    Delta
        BANK0            002A-006F             46           1
        BANK1            00A0-00EF             50           1
        BANK2            0110-016F             60           1
        BANK3            0190-01EF             60           1
        CODE             0003-0625            623           2
                         0800-1FFF            800
        CONST            0003-0625            100           2
                         0800-1FFF            100
        EEDATA           2100-21FF            100           2
        ENTRY            0003-0625            100           2
                         0800-1FFF            100
        IDLOC            2000-2003              4           2
        RAM              002A-006F             46           1
                         00A0-00EF             50
                         0110-016F             60
                         0190-01EF             60
        SFR0             0000-001F             20           1
        SFR1             0080-009F             20           1
        SFR2             0100-010F             10           1
        SFR3             0180-018F             10           1
        STRCODE          0003-0625            623           2
                         0800-1FFF           1800
        STRING           0003-0625            100           2
                         0800-1FFF            100

                                  Symbol Table

?___lldiv                         cstackCOMMON 0070
EEPROM_Read@add                   cstackCOMMON 0071
EEPROM_Write@add                  cstackCOMMON 0071
EEPROM_Write@data                 cstackCOMMON 0073
I2C_Master_Init@baud              cstackBANK0  0020
I2C_Master_Write@data             cstackCOMMON 0070
_ACKDT                            (abs)        048D
_ACKEN                            (abs)        048C
_ACKSTAT                          (abs)        048E
_EEPROM_Read                      text4        06EC
_EEPROM_Write                     text3        0686
_I2C_Master_Init                  text1        06B4
_I2C_Master_RepeatedStart         text10       0626
_I2C_Master_Start                 text9        062F
_I2C_Master_Stop                  text8        0638
_I2C_Master_Wait                  text11       064D
_I2C_Master_Write                 text7        065A
_I2C_NACK                         text6        0641
_I2C_Read_Byte                    text5        066F
_PEN                              (abs)        048A
_RCEN                             (abs)        048B
_RSEN                             (abs)        0489
_SEN                              (abs)        0488
_SSPADD                           (abs)        0093
_SSPBUF                           (abs)        0013
_SSPCON                           (abs)        0014
_SSPCON2                          (abs)        0091
_SSPIF                            (abs)        0063
_SSPSTAT                          (abs)        0094
_TRISC3                           (abs)        043B
_TRISC4                           (abs)        043C
__H__absolute__                   __absolute__ 0000
__Habs1                           abs1         0000
__Hbank0                          bank0        0000
__Hbank1                          bank1        0000
__Hbank2                          bank2        0000
__Hbank3                          bank3        0000
__Hcinit                          cinit        0800
__Hclrtext                        clrtext      0000
__Hcode                           code         0000
__Hcommon                         common       0000
__Hconfig                         config       2008
__HcstackBANK0                    cstackBANK0  0000
__HcstackCOMMON                   cstackCOMMON 0000
__Heeprom_data                    eeprom_data  0000
__Hend_init                       end_init     0003
__Hfunctab                        functab      0000
__Hheap                           heap         0000
__Hinit                           init         0000
__Hintentry                       intentry     0000
__Hmaintext                       maintext     0000
__Hpowerup                        powerup      0000
__Hram                            ram          0000
__Hreset_vec                      reset_vec    0000
__Hsfr0                           sfr0         0000
__Hsfr1                           sfr1         0000
__Hsfr2                           sfr2         0000
__Hsfr3                           sfr3         0000
__Hspace_0                        (abs)        0800
__Hspace_1                        (abs)        007E
__Hspace_2                        (abs)        0000
__Hspace_3                        (abs)        0000
__Hspace_4                        (abs)        400F
__Hstack                          stack        0000
__Hstrings                        strings      0000
__Htext                           text         0000
__L__absolute__                   __absolute__ 0000
__Labs1                           abs1         0000
__Lbank0                          bank0        0000
__Lbank1                          bank1        0000
__Lbank2                          bank2        0000
__Lbank3                          bank3        0000
__Lcinit                          cinit        07FC
__Lclrtext                        clrtext      0000
__Lcode                           code         0000
__Lcommon                         common       0000
__Lconfig                         config       0000
__LcstackBANK0                    cstackBANK0  0000
__LcstackCOMMON                   cstackCOMMON 0000
__Leeprom_data                    eeprom_data  0000
__Lend_init                       end_init     0000
__Lfunctab                        functab      0000
__Lheap                           heap         0000
__Linit                           init         0000
__Lintentry                       intentry     0000
__Lmaintext                       maintext     0000
__Lpowerup                        powerup      0000
__Lram                            ram          0000
__Lreset_vec                      reset_vec    0000
__Lsfr0                           sfr0         0000
__Lsfr1                           sfr1         0000
__Lsfr2                           sfr2         0000
__Lsfr3                           sfr3         0000
__Lspace_0                        (abs)        0000
__Lspace_1                        (abs)        0000
__Lspace_2                        (abs)        0000
__Lspace_3                        (abs)        0000
__Lspace_4                        (abs)        0000
__Lstack                          stack        0000
__Lstrings                        strings      0000
__Ltext                           text         0000
__S0                              (abs)        0800
__S1                              (abs)        007E
__S3                              (abs)        0000
___heap_hi                        (abs)        0000
___heap_lo                        (abs)        0000
___int_sp                         stack        0000
___int_stack_hi                   stack        0000
___int_stack_lo                   stack        0000
___latbits                        (abs)        0002
___lldiv                          text2        0729
___lldiv@counter                  cstackCOMMON 007D
___lldiv@dividend                 cstackCOMMON 0074
___lldiv@divisor                  cstackCOMMON 0070
___lldiv@quotient                 cstackCOMMON 0079
___sp                             stack        0000
___stack_hi                       stack        0000
___stack_lo                       stack        0000
___stackhi                        (abs)        0000
___stacklo                        (abs)        0000
__end_of_EEPROM_Read              text4        0729
__end_of_EEPROM_Write             text3        06B4
__end_of_I2C_Master_Init          text1        06EC
__end_of_I2C_Master_RepeatedStart text10       062F
__end_of_I2C_Master_Start         text9        0638
__end_of_I2C_Master_Stop          text8        0641
__end_of_I2C_Master_Wait          text11       065A
__end_of_I2C_Master_Write         text7        066F
__end_of_I2C_NACK                 text6        064D
__end_of_I2C_Read_Byte            text5        0686
__end_of___lldiv                  text2        078F
__end_of__initialization          cinit        07FC
__end_of_main                     maintext     07FC
__initialization                  cinit        07FC
__pcstackBANK0                    cstackBANK0  0020
__pcstackCOMMON                   cstackCOMMON 0070
__pmaintext                       maintext     078F
__ptext1                          text1        06B4
__ptext10                         text10       0626
__ptext11                         text11       064D
__ptext2                          text2        0729
__ptext3                          text3        0686
__ptext4                          text4        06EC
__ptext5                          text5        066F
__ptext6                          text6        0641
__ptext7                          text7        065A
__ptext8                          text8        0638
__ptext9                          text9        062F
_main                             maintext     078F
btemp                             (abs)        007E
end_of_initialization             cinit        07FC
intlevel0                         functab      0000
intlevel1                         functab      0000
intlevel2                         functab      0000
intlevel3                         functab      0000
intlevel4                         functab      0000
intlevel5                         functab      0000
reset_vec                         reset_vec    0000
start                             init         0000
start_initialization              cinit        07FC
wtemp0                            (abs)        007E


MODULE INFORMATION

Module		Function		Class		Link	Load	Size
I2C_EEPROM_driver.c
		_EEPROM_Read   		CODE           	06EC	0000	61
		_I2C_Master_Wait		CODE           	064D	0000	13
		_EEPROM_Write  		CODE           	0686	0000	46
		_I2C_Master_Init		CODE           	06B4	0000	56
		_I2C_Master_Stop		CODE           	0638	0000	9
		_I2C_Master_RepeatedStart		CODE           	0626	0000	9
		_I2C_Read_Byte 		CODE           	066F	0000	23
		_I2C_Master_Write		CODE           	065A	0000	21
		_I2C_NACK      		CODE           	0641	0000	12
		_I2C_Master_Start		CODE           	062F	0000	9

I2C_EEPROM_driver.c estimated size: 259

shared
		__initialization		CODE           	07FC	0000	1

shared estimated size: 1

I2C_EEPROM_main.c
		_main          		CODE           	078F	0000	109

I2C_EEPROM_main.c estimated size: 109

C:\Program Files\Microchip\xc8\v2.45\pic\sources\c99\common\__lldiv.c
		___lldiv       		CODE           	0729	0000	102

C:\Program Files\Microchip\xc8\v2.45\pic\sources\c99\common\__lldiv.c estimated size: 102

