Microchip MPLAB XC8 Compiler V2.45

Linker command line:

-W-3 \
  --edf=C:\Program Files\Microchip\xc8\v2.45\pic\dat\20230818022343_en.msgs \
  -cn -h+dist/default/debug\LCD_Sppedometer.X.debug.sym \
  --cmf=dist/default/debug\LCD_Sppedometer.X.debug.cmf -z -Q16F877A \
  -oC:\Users\POOJAA~1\AppData\Local\Temp\xcAskbs.\driver_tmp_3.o \
  --defsym=__MPLAB_BUILD=1 --fixupoverflow=error \
  -Mdist/default/debug/LCD_Sppedometer.X.debug.map \
  --md=C:\Users\POOJAA~1\AppData\Local\Temp\xcAskbs.\driver_tmp_0.dat -E1 \
  -ver=XC8 Compiler --acfsm=1493 -ACODE=00h-07FFhx4 -ASTRCODE=00h-01FFFh \
  -ASTRING=00h-0FFhx32 -ACONST=00h-0FFhx32 -AENTRY=00h-0FFhx32 \
  -ACOMMON=070h-07Fh -ABANK0=020h-06Fh -ABANK1=0A0h-0EFh \
  -ABANK2=0110h-016Fh -ABANK3=0190h-01EFh \
  -ARAM=020h-06Fh,0A0h-0EFh,0110h-016Fh,0190h-01EFh \
  -AABS1=020h-07Fh,0A0h-0EFh,0110h-016Fh,0190h-01EFh -ASFR0=00h-01Fh \
  -ASFR1=080h-09Fh -ASFR2=0100h-010Fh -ASFR3=0180h-018Fh \
  -ACONFIG=02007h-02007h -DCONFIG=2 -AIDLOC=02000h-02003h -DIDLOC=2 \
  -AEEDATA=00h-0FFh/02100h -peeprom_data=EEDATA -DEEDATA=2 -DCODE=2 \
  -DSTRCODE=2 -DSTRING=2 -DCONST=2 -DENTRY=2 \
  -preset_vec=00h,intentry,init,end_init -ppowerup=CODE -pcinit=CODE \
  -pfunctab=ENTRY -k \
  C:\Users\POOJAA~1\AppData\Local\Temp\xcAskbs.\driver_tmp_12.o \
  dist/default/debug\LCD_Sppedometer.X.debug.o 

Object code version is 3.11

Machine type is 16F877A



                Name                               Link     Load   Length Selector   Space Scale
C:\Users\POOJAA~1\AppData\Local\Temp\xcAskbs.\driver_tmp_12.o
                end_init                              0        0        3        0       0
                config                             2007     2007        1        0       4
dist/default/debug\LCD_Sppedometer.X.debug.o
                cinit                               7E2      7E2       1E      FC4       0
                config                             2007     2007        1        0       4
                text8                               546      546       19      A8C       0
                text7                               5E6      5E6       6D      BCC       0
                text6                               530      530       16      A60       0
                text5                               51B      51B       15      A36       0
                text4                               5A2      5A2       44      B44       0
                text3                               57D      57D       25      AFA       0
                text2                               709      709       D9      E12       0
                text1                               653      653       B6      CA6       0
                maintext                            4F6      4F6       12      9EC       0
                cstackBANK0                          4A       4A        A       20       1
                cstackCOMMON                         70       70        D       70       1
                inittext                            508      508       13      A10       0
                dataBANK0                            20       20       1E       20       1
                bssBANK0                             3E       3E        C       20       1
                idataBANK0                          55F      55F       1E      ABE       0

TOTAL           Name                               Link     Load   Length     Space
        CLASS   CODE           
                end_init                              0        0        3         0
                cinit                               7E2      7E2       1E         0
                text8                               546      546       19         0
                text7                               5E6      5E6       6D         0
                text6                               530      530       16         0
                text5                               51B      51B       15         0
                text4                               5A2      5A2       44         0
                text3                               57D      57D       25         0
                text2                               709      709       D9         0
                text1                               653      653       B6         0
                maintext                            4F6      4F6       12         0
                inittext                            508      508       13         0
                idataBANK0                          55F      55F       1E         0

        CLASS   STRCODE        

        CLASS   STRING         

        CLASS   CONST          

        CLASS   ENTRY          

        CLASS   COMMON         
                cstackCOMMON                         70       70        D         1

        CLASS   BANK0          
                cstackBANK0                          4A       4A        A         1
                dataBANK0                            20       20       1E         1
                bssBANK0                             3E       3E        C         1

        CLASS   BANK1          

        CLASS   BANK2          

        CLASS   BANK3          

        CLASS   RAM            

        CLASS   ABS1           
                abs_s1                               7E       7E        2         1

        CLASS   SFR0           

        CLASS   SFR1           

        CLASS   SFR2           

        CLASS   SFR3           

        CLASS   CONFIG         
                config                             2007     2007        1         4

        CLASS   IDLOC          

        CLASS   EEDATA         

        CLASS   HEAP           

        CLASS   STACK          



SEGMENTS        Name                           Load    Length   Top    Selector   Space  Class     Delta

                reset_vec                      000000  000003  000003         0       0  CODE        2
                dataBANK0                      000020  000034  000054        20       1  BANK0       1
                cstackCOMMON                   000070  00000D  00007D        70       1  COMMON      1
                maintext                       0004F6  000012  000508       9EC       0  CODE        2
                inittext                       000508  000013  00051B       A10       0  CODE        2
                text5                          00051B  000015  000530       A36       0  CODE        2
                text6                          000530  000016  000546       A60       0  CODE        2
                text8                          000546  000019  00055F       A8C       0  CODE        2
                idataBANK0                     00055F  00001E  00057D       ABE       0  CODE        2
                text3                          00057D  000025  0005A2       AFA       0  CODE        2
                text4                          0005A2  000044  0005E6       B44       0  CODE        2
                text7                          0005E6  00006D  000653       BCC       0  CODE        2
                text1                          000653  0000B6  000709       CA6       0  CODE        2
                text2                          000709  0000D9  0007E2       E12       0  CODE        2
                cinit                          0007E2  00001E  000800       FC4       0  CODE        2


UNUSED ADDRESS RANGES

        Name                Unused          Largest block    Delta
        BANK0            0054-006F             1C           1
        BANK1            00A0-00EF             50           1
        BANK2            0110-016F             60           1
        BANK3            0190-01EF             60           1
        CODE             0003-04F5            4F3           2
                         0800-1FFF            800
        COMMON           007D-007D              1           1
        CONST            0003-04F5            100           2
                         0800-1FFF            100
        EEDATA           2100-21FF            100           2
        ENTRY            0003-04F5            100           2
                         0800-1FFF            100
        IDLOC            2000-2003              4           2
        RAM              0054-006F             1C           1
                         00A0-00EF             50
                         0110-016F             60
                         0190-01EF             60
        SFR0             0000-001F             20           1
        SFR1             0080-009F             20           1
        SFR2             0100-010F             10           1
        SFR3             0180-018F             10           1
        STRCODE          0003-04F5            4F3           2
                         0800-1FFF           1800
        STRING           0003-04F5            100           2
                         0800-1FFF            100

                                  Symbol Table

?___lwdiv                cstackCOMMON 0076
?___wmul                 cstackCOMMON 0070
LCDOutput@i              cstackBANK0  004A
LCD_Comm@i               cstackCOMMON 0072
LCD_Data@i               cstackCOMMON 0072
_LCDOutput               text2        0709
_LCD_Comm                text8        0546
_LCD_Data                text6        0530
_OPTION_REG              (abs)        0081
_PORTB                   (abs)        0006
_PORTC                   (abs)        0007
_PORTD                   (abs)        0008
_TRISB                   (abs)        0086
_TRISC                   (abs)        0087
_TRISD                   (abs)        0088
__H__absolute__          __absolute__ 0000
__Habs1                  abs1         0000
__Hbank0                 bank0        0000
__Hbank1                 bank1        0000
__Hbank2                 bank2        0000
__Hbank3                 bank3        0000
__HbssBANK0              bssBANK0     0000
__Hcinit                 cinit        0800
__Hclrtext               clrtext      0000
__Hcode                  code         0000
__Hcommon                common       0000
__Hconfig                config       2008
__HcstackBANK0           cstackBANK0  0000
__HcstackCOMMON          cstackCOMMON 0000
__HdataBANK0             dataBANK0    0000
__Heeprom_data           eeprom_data  0000
__Hend_init              end_init     0003
__Hfunctab               functab      0000
__Hheap                  heap         0000
__HidataBANK0            idataBANK0   0000
__Hinit                  init         0000
__Hinittext              inittext     0000
__Hintentry              intentry     0000
__Hmaintext              maintext     0000
__Hpowerup               powerup      0000
__Hram                   ram          0000
__Hreset_vec             reset_vec    0000
__Hsfr0                  sfr0         0000
__Hsfr1                  sfr1         0000
__Hsfr2                  sfr2         0000
__Hsfr3                  sfr3         0000
__Hspace_0               (abs)        0800
__Hspace_1               (abs)        007D
__Hspace_2               (abs)        0000
__Hspace_3               (abs)        0000
__Hspace_4               (abs)        400F
__Hstack                 stack        0000
__Hstrings               strings      0000
__Htext                  text         0000
__L__absolute__          __absolute__ 0000
__Labs1                  abs1         0000
__Lbank0                 bank0        0000
__Lbank1                 bank1        0000
__Lbank2                 bank2        0000
__Lbank3                 bank3        0000
__LbssBANK0              bssBANK0     0000
__Lcinit                 cinit        07E2
__Lclrtext               clrtext      0000
__Lcode                  code         0000
__Lcommon                common       0000
__Lconfig                config       0000
__LcstackBANK0           cstackBANK0  0000
__LcstackCOMMON          cstackCOMMON 0000
__LdataBANK0             dataBANK0    0000
__Leeprom_data           eeprom_data  0000
__Lend_init              end_init     0000
__Lfunctab               functab      0000
__Lheap                  heap         0000
__LidataBANK0            idataBANK0   0000
__Linit                  init         0000
__Linittext              inittext     0000
__Lintentry              intentry     0000
__Lmaintext              maintext     0000
__Lpowerup               powerup      0000
__Lram                   ram          0000
__Lreset_vec             reset_vec    0000
__Lsfr0                  sfr0         0000
__Lsfr1                  sfr1         0000
__Lsfr2                  sfr2         0000
__Lsfr3                  sfr3         0000
__Lspace_0               (abs)        0000
__Lspace_1               (abs)        0000
__Lspace_2               (abs)        0000
__Lspace_3               (abs)        0000
__Lspace_4               (abs)        0000
__Lstack                 stack        0000
__Lstrings               strings      0000
__Ltext                  text         0000
__S0                     (abs)        0800
__S1                     (abs)        007D
__S3                     (abs)        0000
___bmul                  text5        051B
___bmul@multiplicand     cstackCOMMON 0070
___bmul@multiplier       cstackCOMMON 0072
___bmul@product          cstackCOMMON 0071
___heap_hi               (abs)        0000
___heap_lo               (abs)        0000
___int_sp                stack        0000
___int_stack_hi          stack        0000
___int_stack_lo          stack        0000
___latbits               (abs)        0002
___lwdiv                 text4        05A2
___lwdiv@counter         cstackCOMMON 007C
___lwdiv@dividend        cstackCOMMON 0078
___lwdiv@divisor         cstackCOMMON 0076
___lwdiv@quotient        cstackCOMMON 007A
___sp                    stack        0000
___stack_hi              stack        0000
___stack_lo              stack        0000
___stackhi               (abs)        0000
___stacklo               (abs)        0000
___wmul                  text3        057D
___wmul@multiplicand     cstackCOMMON 0072
___wmul@multiplier       cstackCOMMON 0070
___wmul@product          cstackCOMMON 0074
__end_of_LCDOutput       text2        07E2
__end_of_LCD_Comm        text8        055F
__end_of_LCD_Data        text6        0546
__end_of___bmul          text5        0530
__end_of___lwdiv         text4        05E6
__end_of___wmul          text3        05A2
__end_of__initialization cinit        07FC
__end_of_init            text7        0653
__end_of_keyscan         text1        0709
__end_of_main            maintext     0508
__initialization         cinit        07E2
__pbssBANK0              bssBANK0     003E
__pcstackBANK0           cstackBANK0  004A
__pcstackCOMMON          cstackCOMMON 0070
__pdataBANK0             dataBANK0    0020
__pidataBANK0            idataBANK0   055F
__pmaintext              maintext     04F6
__ptext1                 text1        0653
__ptext2                 text2        0709
__ptext3                 text3        057D
__ptext4                 text4        05A2
__ptext5                 text5        051B
__ptext6                 text6        0530
__ptext7                 text7        05E6
__ptext8                 text8        0546
_arr                     dataBANK0    0020
_d0                      bssBANK0     0040
_d1                      bssBANK0     0042
_d2                      bssBANK0     0044
_d3                      bssBANK0     0046
_init                    text7        05E6
_j                       bssBANK0     003E
_keyscan                 text1        0653
_main                    maintext     04F6
_val                     bssBANK0     0049
_x                       bssBANK0     0048
btemp                    (abs)        007E
end_of_initialization    cinit        07FC
init_fetch0              inittext     0508
init_ram0                inittext     050C
intlevel0                functab      0000
intlevel1                functab      0000
intlevel2                functab      0000
intlevel3                functab      0000
intlevel4                functab      0000
intlevel5                functab      0000
reset_vec                reset_vec    0000
start                    init         0000
start_initialization     cinit        07E2
wtemp0                   (abs)        007E


MODULE INFORMATION

Module		Function		Class		Link	Load	Size
C:\Program Files\Microchip\xc8\v2.45\pic\sources\c99\common\Umul16.c
		___wmul        		CODE           	057D	0000	37

C:\Program Files\Microchip\xc8\v2.45\pic\sources\c99\common\Umul16.c estimated size: 37

C:\Program Files\Microchip\xc8\v2.45\pic\sources\c99\common\Umul8.c
		___bmul        		CODE           	051B	0000	21

C:\Program Files\Microchip\xc8\v2.45\pic\sources\c99\common\Umul8.c estimated size: 21

shared
		__initialization		CODE           	07E2	0000	26

shared estimated size: 26

LCD_spd.c
		_init          		CODE           	05E6	0000	109
		_LCD_Comm      		CODE           	0546	0000	25
		_LCDOutput     		CODE           	0709	0000	217
		_LCD_Data      		CODE           	0530	0000	22
		_main          		CODE           	04F6	0000	18
		_keyscan       		CODE           	0653	0000	182

LCD_spd.c estimated size: 573

C:\Program Files\Microchip\xc8\v2.45\pic\sources\c99\common\lwdiv.c
		___lwdiv       		CODE           	05A2	0000	68

C:\Program Files\Microchip\xc8\v2.45\pic\sources\c99\common\lwdiv.c estimated size: 68

