Microchip MPLAB XC8 Compiler V2.45

Linker command line:

-W-3 \
  --edf=C:\Program Files\Microchip\xc8\v2.45\pic\dat\20230818022343_en.msgs \
  -cn -h+dist/default/production\I2C_LCD.X.production.sym \
  --cmf=dist/default/production\I2C_LCD.X.production.cmf -z -Q16F877A \
  -oC:\Users\POOJAA~1\AppData\Local\Temp\xcAs9hg.\driver_tmp_3.o \
  --defsym=__MPLAB_BUILD=1 --fixupoverflow=error \
  -Mdist/default/production/I2C_LCD.X.production.map \
  --md=C:\Users\POOJAA~1\AppData\Local\Temp\xcAs9hg.\driver_tmp_0.dat -E1 \
  -ver=XC8 Compiler --acfsm=1493 -ACODE=00h-07FFhx4 -ASTRCODE=00h-01FFFh \
  -ASTRING=00h-0FFhx32 -ACONST=00h-0FFhx32 -AENTRY=00h-0FFhx32 \
  -ACOMMON=070h-07Fh -ABANK0=020h-06Fh -ABANK1=0A0h-0EFh \
  -ABANK2=0110h-016Fh -ABANK3=0190h-01EFh \
  -ARAM=020h-06Fh,0A0h-0EFh,0110h-016Fh,0190h-01EFh \
  -AABS1=020h-07Fh,0A0h-0EFh,0110h-016Fh,0190h-01EFh -ASFR0=00h-01Fh \
  -ASFR1=080h-09Fh -ASFR2=0100h-010Fh -ASFR3=0180h-018Fh \
  -ACONFIG=02007h-02007h -DCONFIG=2 -AIDLOC=02000h-02003h -DIDLOC=2 \
  -AEEDATA=00h-0FFh/02100h -peeprom_data=EEDATA -DEEDATA=2 -DCODE=2 \
  -DSTRCODE=2 -DSTRING=2 -DCONST=2 -DENTRY=2 \
  -preset_vec=00h,intentry,init,end_init -ppowerup=CODE -pcinit=CODE \
  -pfunctab=ENTRY -k \
  C:\Users\POOJAA~1\AppData\Local\Temp\xcAs9hg.\driver_tmp_12.o \
  dist/default/production\I2C_LCD.X.production.o 

Object code version is 3.11

Machine type is 16F877A



                Name                               Link     Load   Length Selector   Space Scale
C:\Users\POOJAA~1\AppData\Local\Temp\xcAs9hg.\driver_tmp_12.o
                end_init                              0        0        3        0       0
dist/default/production\I2C_LCD.X.production.o
                cinit                               7DD      7DD       23      FBA       0
                text21                              1BA      1BA       14      374       0
                text20                              18A      18A        D      314       0
                text19                              16C      16C        9      2D8       0
                text18                              175      175        9      2EA       0
                text17                              197      197       10      32E       0
                text16                              1E5      1E5       1A      3CA       0
                text15                              1FF      1FF       1B      3FE       0
                text14                              21A      21A       1C      434       0
                text13                              421      421       89      842       0
                text12                              253      253       20      4A6       0
                text11                              236      236       1D      46C       0
                text10                              273      273       25      4E6       0
                text9                               312      312       4F      624       0
                text8                               3BA      3BA       67      774       0
                text7                               361      361       59      6C2       0
                text6                               2E2      2E2       30      5C4       0
                text5                               4AA      4AA       8D      954       0
                text4                               1CE      1CE       17      39C       0
                text3                               298      298       25      530       0
                text2                               2BD      2BD       25      57A       0
                text1                               537      537       D4      A6E       0
                maintext                            60B      60B      1D2      C16       0
                cstackBANK0                          31       31        3       20       1
                cstackCOMMON                         70       70        C       70       1
                inittext                            1A7      1A7       13      34E       0
                dataBANK0                            20       20        C       20       1
                bssBANK0                             2C       2C        5       20       1
                dataCOMMON                           7C       7C        2       70       1
                strings                               3        3       3B        6       0
                nvBANK0                              34       34        1       20       1
                idataBANK0                          17E      17E        C      2FC       0
                idataCOMMON                         16A      16A        2      2D4       0

TOTAL           Name                               Link     Load   Length     Space
        CLASS   CODE           
                end_init                              0        0        3         0
                cinit                               7DD      7DD       23         0
                text21                              1BA      1BA       14         0
                text20                              18A      18A        D         0
                text19                              16C      16C        9         0
                text18                              175      175        9         0
                text17                              197      197       10         0
                text16                              1E5      1E5       1A         0
                text15                              1FF      1FF       1B         0
                text14                              21A      21A       1C         0
                text13                              421      421       89         0
                text12                              253      253       20         0
                text11                              236      236       1D         0
                text10                              273      273       25         0
                text9                               312      312       4F         0
                text8                               3BA      3BA       67         0
                text7                               361      361       59         0
                text6                               2E2      2E2       30         0
                text5                               4AA      4AA       8D         0
                text4                               1CE      1CE       17         0
                text3                               298      298       25         0
                text2                               2BD      2BD       25         0
                text1                               537      537       D4         0
                maintext                            60B      60B      1D2         0
                inittext                            1A7      1A7       13         0
                idataBANK0                          17E      17E        C         0
                idataCOMMON                         16A      16A        2         0

        CLASS   STRCODE        

        CLASS   STRING         
                strings                               3        3       3B         0

        CLASS   CONST          

        CLASS   ENTRY          

        CLASS   COMMON         
                cstackCOMMON                         70       70        C         1
                dataCOMMON                           7C       7C        2         1

        CLASS   BANK0          
                cstackBANK0                          31       31        3         1
                dataBANK0                            20       20        C         1
                bssBANK0                             2C       2C        5         1
                nvBANK0                              34       34        1         1

        CLASS   BANK1          

        CLASS   BANK2          

        CLASS   BANK3          

        CLASS   RAM            

        CLASS   ABS1           
                abs_s1                               7E       7E        2         1

        CLASS   SFR0           

        CLASS   SFR1           

        CLASS   SFR2           

        CLASS   SFR3           

        CLASS   CONFIG         

        CLASS   IDLOC          

        CLASS   EEDATA         

        CLASS   HEAP           

        CLASS   STACK          



SEGMENTS        Name                           Load    Length   Top    Selector   Space  Class     Delta

                reset_vec                      000000  000003  000003         0       0  CODE        2
                strings                        000003  00003B  00003E         6       0  STRING      2
                dataBANK0                      000020  000015  000035        20       1  BANK0       1
                cstackCOMMON                   000070  00000E  00007E        70       1  COMMON      1
                idataCOMMON                    00016A  000002  00016C       2D4       0  CODE        2
                text19                         00016C  000009  000175       2D8       0  CODE        2
                text18                         000175  000009  00017E       2EA       0  CODE        2
                idataBANK0                     00017E  00000C  00018A       2FC       0  CODE        2
                text20                         00018A  00000D  000197       314       0  CODE        2
                text17                         000197  000010  0001A7       32E       0  CODE        2
                inittext                       0001A7  000013  0001BA       34E       0  CODE        2
                text21                         0001BA  000014  0001CE       374       0  CODE        2
                text4                          0001CE  000017  0001E5       39C       0  CODE        2
                text16                         0001E5  00001A  0001FF       3CA       0  CODE        2
                text15                         0001FF  00001B  00021A       3FE       0  CODE        2
                text14                         00021A  00001C  000236       434       0  CODE        2
                text11                         000236  00001D  000253       46C       0  CODE        2
                text12                         000253  000020  000273       4A6       0  CODE        2
                text10                         000273  000025  000298       4E6       0  CODE        2
                text3                          000298  000025  0002BD       530       0  CODE        2
                text2                          0002BD  000025  0002E2       57A       0  CODE        2
                text6                          0002E2  000030  000312       5C4       0  CODE        2
                text9                          000312  00004F  000361       624       0  CODE        2
                text7                          000361  000059  0003BA       6C2       0  CODE        2
                text8                          0003BA  000067  000421       774       0  CODE        2
                text13                         000421  000089  0004AA       842       0  CODE        2
                text5                          0004AA  00008D  000537       954       0  CODE        2
                text1                          000537  0000D4  00060B       A6E       0  CODE        2
                maintext                       00060B  0001D2  0007DD       C16       0  CODE        2
                cinit                          0007DD  000023  000800       FBA       0  CODE        2


UNUSED ADDRESS RANGES

        Name                Unused          Largest block    Delta
        BANK0            0035-006F             3B           1
        BANK1            00A0-00EF             50           1
        BANK2            0110-016F             60           1
        BANK3            0190-01EF             60           1
        CODE             003E-0169            12C           2
                         0800-1FFF            800
        CONFIG           2007-2007              1           2
        CONST            003E-0169             C2           2
                         0800-1FFF            100
        EEDATA           2100-21FF            100           2
        ENTRY            003E-0169             C2           2
                         0800-1FFF            100
        IDLOC            2000-2003              4           2
        RAM              0035-006F             3B           1
                         00A0-00EF             50
                         0110-016F             60
                         0190-01EF             60
        SFR0             0000-001F             20           1
        SFR1             0080-009F             20           1
        SFR2             0100-010F             10           1
        SFR3             0180-018F             10           1
        STRCODE          003E-0169            12C           2
                         0800-1FFF           1800
        STRING           003E-0169             C2           2
                         0800-1FFF            100

                                  Symbol Table

?___awdiv                  cstackCOMMON 0070
?___awmod                  cstackCOMMON 0070
?___wmul                   cstackCOMMON 0070
?_bcd2dec                  cstackCOMMON 0076
?_dec2bcd                  cstackCOMMON 0078
I2C_Master_Write@data      cstackCOMMON 0070
IO_Expander_Write@Data     cstackCOMMON 0071
LCD_CMD@CMD                cstackCOMMON 0075
LCD_Init@I2C_Add           cstackCOMMON 0079
LCD_Set_Cursor@COL         cstackCOMMON 0076
LCD_Set_Cursor@ROW         cstackCOMMON 0079
LCD_Write_4Bit@Nibble      cstackCOMMON 0073
LCD_Write_String@Str       cstackCOMMON 0078
LCD_Write_String@i         cstackCOMMON 0076
_ACKDT                     (abs)        048D
_ACKEN                     (abs)        048C
_ACKSTAT                   (abs)        048E
_I2C_Master_Init           text21       01BA
_I2C_Master_Start          text19       016C
_I2C_Master_Stop           text18       0175
_I2C_Master_Wait           text20       018A
_I2C_Master_Write          text17       0197
_I2C_Read_Byte             text4        01CE
_IO_Expander_Write         text16       01E5
_LCD_CMD                   text14       021A
_LCD_Init                  text13       0421
_LCD_Set_Cursor            text12       0253
_LCD_Write_4Bit            text15       01FF
_LCD_Write_String          text10       0273
_PEN                       (abs)        048A
_PORTC                     (abs)        0007
_RC3                       (abs)        003B
_RC4                       (abs)        003C
_RCEN                      (abs)        048B
_RS                        bssBANK0     0030
_RSEN                      (abs)        0489
_SEN                       (abs)        0488
_SSPADD                    (abs)        0093
_SSPBUF                    (abs)        0013
_SSPCON                    (abs)        0014
_SSPCON2                   (abs)        0091
_SSPIF                     (abs)        0063
_SSPSTAT                   (abs)        0094
_TRISC                     (abs)        0087
__H__absolute__            __absolute__ 0000
__Habs1                    abs1         0000
__Hbank0                   bank0        0000
__Hbank1                   bank1        0000
__Hbank2                   bank2        0000
__Hbank3                   bank3        0000
__HbssBANK0                bssBANK0     0000
__Hcinit                   cinit        0800
__Hclrtext                 clrtext      0000
__Hcode                    code         0000
__Hcommon                  common       0000
__HcstackBANK0             cstackBANK0  0000
__HcstackCOMMON            cstackCOMMON 0000
__HdataBANK0               dataBANK0    0000
__HdataCOMMON              dataCOMMON   0000
__Heeprom_data             eeprom_data  0000
__Hend_init                end_init     0003
__Hfunctab                 functab      0000
__Hheap                    heap         0000
__HidataBANK0              idataBANK0   0000
__HidataCOMMON             idataCOMMON  0000
__Hinit                    init         0000
__Hinittext                inittext     0000
__Hintentry                intentry     0000
__Hmaintext                maintext     0000
__HnvBANK0                 nvBANK0      0000
__Hpowerup                 powerup      0000
__Hram                     ram          0000
__Hreset_vec               reset_vec    0000
__Hsfr0                    sfr0         0000
__Hsfr1                    sfr1         0000
__Hsfr2                    sfr2         0000
__Hsfr3                    sfr3         0000
__Hspace_0                 (abs)        0800
__Hspace_1                 (abs)        007E
__Hspace_2                 (abs)        0000
__Hspace_3                 (abs)        0000
__Hstack                   stack        0000
__Hstrings                 strings      0000
__Htext                    text         0000
__L__absolute__            __absolute__ 0000
__Labs1                    abs1         0000
__Lbank0                   bank0        0000
__Lbank1                   bank1        0000
__Lbank2                   bank2        0000
__Lbank3                   bank3        0000
__LbssBANK0                bssBANK0     0000
__Lcinit                   cinit        07DD
__Lclrtext                 clrtext      0000
__Lcode                    code         0000
__Lcommon                  common       0000
__LcstackBANK0             cstackBANK0  0000
__LcstackCOMMON            cstackCOMMON 0000
__LdataBANK0               dataBANK0    0000
__LdataCOMMON              dataCOMMON   0000
__Leeprom_data             eeprom_data  0000
__Lend_init                end_init     0000
__Lfunctab                 functab      0000
__Lheap                    heap         0000
__LidataBANK0              idataBANK0   0000
__LidataCOMMON             idataCOMMON  0000
__Linit                    init         0000
__Linittext                inittext     0000
__Lintentry                intentry     0000
__Lmaintext                maintext     0000
__LnvBANK0                 nvBANK0      0000
__Lpowerup                 powerup      0000
__Lram                     ram          0000
__Lreset_vec               reset_vec    0000
__Lsfr0                    sfr0         0000
__Lsfr1                    sfr1         0000
__Lsfr2                    sfr2         0000
__Lsfr3                    sfr3         0000
__Lspace_0                 (abs)        0000
__Lspace_1                 (abs)        0000
__Lspace_2                 (abs)        0000
__Lspace_3                 (abs)        0000
__Lstack                   stack        0000
__Lstrings                 strings      0000
__Ltext                    text         0000
__S0                       (abs)        0800
__S1                       (abs)        007E
__S3                       (abs)        0000
___awdiv                   text8        03BA
___awdiv@counter           cstackCOMMON 0074
___awdiv@dividend          cstackCOMMON 0072
___awdiv@divisor           cstackCOMMON 0070
___awdiv@quotient          cstackCOMMON 0076
___awdiv@sign              cstackCOMMON 0075
___awmod                   text7        0361
___awmod@counter           cstackCOMMON 0074
___awmod@dividend          cstackCOMMON 0072
___awmod@divisor           cstackCOMMON 0070
___awmod@sign              cstackCOMMON 0075
___heap_hi                 (abs)        0000
___heap_lo                 (abs)        0000
___int_sp                  stack        0000
___int_stack_hi            stack        0000
___int_stack_lo            stack        0000
___latbits                 (abs)        0002
___sp                      stack        0000
___stack_hi                stack        0000
___stack_lo                stack        0000
___stackhi                 (abs)        0000
___stacklo                 (abs)        0000
___wmul                    text3        0298
___wmul@multiplicand       cstackCOMMON 0072
___wmul@multiplier         cstackCOMMON 0070
___wmul@product            cstackCOMMON 0074
__end_of_I2C_Master_Init   text21       01CE
__end_of_I2C_Master_Start  text19       0175
__end_of_I2C_Master_Stop   text18       017E
__end_of_I2C_Master_Wait   text20       0197
__end_of_I2C_Master_Write  text17       01A7
__end_of_I2C_Read_Byte     text4        01E5
__end_of_IO_Expander_Write text16       01FF
__end_of_LCD_CMD           text14       0236
__end_of_LCD_Init          text13       04AA
__end_of_LCD_Set_Cursor    text12       0273
__end_of_LCD_Write_4Bit    text15       021A
__end_of_LCD_Write_String  text10       0298
__end_of___awdiv           text8        0421
__end_of___awmod           text7        03BA
__end_of___wmul            text3        02BD
__end_of__initialization   cinit        07FC
__end_of__stringtab        strings      0009
__end_of_bcd2dec           text2        02E2
__end_of_days              text9        0361
__end_of_dec2bcd           text6        0312
__end_of_lcd_data          text11       0253
__end_of_main              maintext     07DD
__end_of_setup             text5        0537
__end_of_update            text1        060B
__initialization           cinit        07DD
__pbssBANK0                bssBANK0     002C
__pcstackBANK0             cstackBANK0  0031
__pcstackCOMMON            cstackCOMMON 0070
__pdataBANK0               dataBANK0    0020
__pdataCOMMON              dataCOMMON   007C
__pidataBANK0              idataBANK0   017E
__pidataCOMMON             idataCOMMON  016A
__pmaintext                maintext     060B
__pnvBANK0                 nvBANK0      0034
__pstrings                 strings      0003
__ptext1                   text1        0537
__ptext10                  text10       0273
__ptext11                  text11       0236
__ptext12                  text12       0253
__ptext13                  text13       0421
__ptext14                  text14       021A
__ptext15                  text15       01FF
__ptext16                  text16       01E5
__ptext17                  text17       0197
__ptext18                  text18       0175
__ptext19                  text19       016C
__ptext2                   text2        02BD
__ptext20                  text20       018A
__ptext21                  text21       01BA
__ptext3                   text3        0298
__ptext4                   text4        01CE
__ptext5                   text5        04AA
__ptext6                   text6        02E2
__ptext7                   text7        0361
__ptext8                   text8        03BA
__ptext9                   text9        0312
__stringbase               strings      0008
__stringtab                strings      0003
_bcd2dec                   text2        02BD
_date                      dataBANK0    0026
_day                       dataBANK0    0022
_days                      text9        0312
_dec2bcd                   text6        02E2
_hour                      dataCOMMON   007C
_hour1                     bssBANK0     002C
_i2c_add                   nvBANK0      0034
_lcd_data                  text11       0236
_main                      maintext     060B
_min                       dataBANK0    0028
_month                     dataBANK0    0024
_sec                       dataBANK0    002A
_setup                     text5        04AA
_update                    text1        0537
_year                      dataBANK0    0020
bcd2dec@temp               cstackCOMMON 0076
btemp                      (abs)        007E
days@day                   cstackCOMMON 0079
dec2bcd@temp               cstackCOMMON 0078
end_of_initialization      cinit        07FC
init_fetch0                inittext     01A7
init_ram0                  inittext     01AB
intlevel0                  functab      0000
intlevel1                  functab      0000
intlevel2                  functab      0000
intlevel3                  functab      0000
intlevel4                  functab      0000
intlevel5                  functab      0000
lcd_data@Data              cstackCOMMON 0075
reset_vec                  reset_vec    0000
start                      init         0000
start_initialization       cinit        07DD
wtemp0                     (abs)        007E


MODULE INFORMATION

Module		Function		Class		Link	Load	Size
C:\Program Files\Microchip\xc8\v2.45\pic\sources\c99\common\Umul16.c
		___wmul        		CODE           	0298	0000	37

C:\Program Files\Microchip\xc8\v2.45\pic\sources\c99\common\Umul16.c estimated size: 37

C:\Program Files\Microchip\xc8\v2.45\pic\sources\c99\common\awmod.c
		___awmod       		CODE           	0361	0000	89

C:\Program Files\Microchip\xc8\v2.45\pic\sources\c99\common\awmod.c estimated size: 89

shared
		__stringtab    		STRING         	0003	0000	6
		__initialization		CODE           	07DD	0000	31

shared estimated size: 37

LCD_i2c.c
		_LCD_Init      		CODE           	0421	0000	137
		_update        		CODE           	0537	0000	212
		_LCD_Write_4Bit		CODE           	01FF	0000	27
		_lcd_data      		CODE           	0236	0000	29
		_LCD_CMD       		CODE           	021A	0000	28
		_I2C_Master_Wait		CODE           	018A	0000	13
		_I2C_Master_Init		CODE           	01BA	0000	20
		_I2C_Master_Stop		CODE           	0175	0000	9
		_main          		CODE           	060B	0000	466
		_days          		CODE           	0312	0000	79
		_LCD_Set_Cursor		CODE           	0253	0000	32
		_dec2bcd       		CODE           	02E2	0000	48
		_I2C_Read_Byte 		CODE           	01CE	0000	23
		_IO_Expander_Write		CODE           	01E5	0000	26
		_setup         		CODE           	04AA	0000	141
		_I2C_Master_Write		CODE           	0197	0000	16
		_bcd2dec       		CODE           	02BD	0000	37
		_I2C_Master_Start		CODE           	016C	0000	9
		_LCD_Write_String		CODE           	0273	0000	37

LCD_i2c.c estimated size: 1389

C:\Program Files\Microchip\xc8\v2.45\pic\sources\c99\common\awdiv.c
		___awdiv       		CODE           	03BA	0000	103

C:\Program Files\Microchip\xc8\v2.45\pic\sources\c99\common\awdiv.c estimated size: 103

