Microchip MPLAB XC8 Compiler V2.45

Linker command line:

-W-3 \
  --edf=C:\Program Files\Microchip\xc8\v2.45\pic\dat\20230818022343_en.msgs \
  -cn -h+dist/default/debug\I2C_with_EEPROM.X.debug.sym \
  --cmf=dist/default/debug\I2C_with_EEPROM.X.debug.cmf -z -Q16F877A \
  -oC:\Users\POOJAA~1\AppData\Local\Temp\xcAs1d0.\driver_tmp_3.o \
  --defsym=__MPLAB_BUILD=1 --fixupoverflow=error \
  -Mdist/default/debug/I2C_with_EEPROM.X.debug.map \
  --md=C:\Users\POOJAA~1\AppData\Local\Temp\xcAs1d0.\driver_tmp_0.dat -E1 \
  -ver=XC8 Compiler --acfsm=1493 -ACODE=00h-07FFhx4 -ASTRCODE=00h-01FFFh \
  -ASTRING=00h-0FFhx32 -ACONST=00h-0FFhx32 -AENTRY=00h-0FFhx32 \
  -ACOMMON=070h-07Fh -ABANK0=020h-06Fh -ABANK1=0A0h-0EFh \
  -ABANK2=0110h-016Fh -ABANK3=0190h-01EFh \
  -ARAM=020h-06Fh,0A0h-0EFh,0110h-016Fh,0190h-01EFh \
  -AABS1=020h-07Fh,0A0h-0EFh,0110h-016Fh,0190h-01EFh -ASFR0=00h-01Fh \
  -ASFR1=080h-09Fh -ASFR2=0100h-010Fh -ASFR3=0180h-018Fh \
  -ACONFIG=02007h-02007h -DCONFIG=2 -AIDLOC=02000h-02003h -DIDLOC=2 \
  -AEEDATA=00h-0FFh/02100h -peeprom_data=EEDATA -DEEDATA=2 -DCODE=2 \
  -DSTRCODE=2 -DSTRING=2 -DCONST=2 -DENTRY=2 \
  -preset_vec=00h,intentry,init,end_init -ppowerup=CODE -pcinit=CODE \
  -pfunctab=ENTRY -k \
  C:\Users\POOJAA~1\AppData\Local\Temp\xcAs1d0.\driver_tmp_12.o \
  dist/default/debug\I2C_with_EEPROM.X.debug.o 

Object code version is 3.11

Machine type is 16F877A



                Name                               Link     Load   Length Selector   Space Scale
C:\Users\POOJAA~1\AppData\Local\Temp\xcAs1d0.\driver_tmp_12.o
                end_init                              0        0        3        0       0
                config                             2007     2007        1        0       4
dist/default/debug\I2C_with_EEPROM.X.debug.o
                cinit                               7FC      7FC        4      FF8       0
                config                             2007     2007        1        0       4
                text12                              619      619        D      C32       0
                text11                              601      601        C      C02       0
                text10                              5E6      5E6        9      BCC       0
                text9                               5EF      5EF        9      BDE       0
                text8                               5F8      5F8        9      BF0       0
                text7                               626      626       10      C4C       0
                text6                               60D      60D        C      C1A       0
                text5                               636      636       17      C6C       0
                text4                               6BC      6BC       48      D78       0
                text3                               64D      64D       37      C9A       0
                text2                               704      704       66      E08       0
                text1                               684      684       38      D08       0
                maintext                            76A      76A       92      ED4       0
                cstackBANK0                          20       20        B       20       1
                cstackCOMMON                         70       70        E       70       1

TOTAL           Name                               Link     Load   Length     Space
        CLASS   CODE           
                end_init                              0        0        3         0
                cinit                               7FC      7FC        4         0
                text12                              619      619        D         0
                text11                              601      601        C         0
                text10                              5E6      5E6        9         0
                text9                               5EF      5EF        9         0
                text8                               5F8      5F8        9         0
                text7                               626      626       10         0
                text6                               60D      60D        C         0
                text5                               636      636       17         0
                text4                               6BC      6BC       48         0
                text3                               64D      64D       37         0
                text2                               704      704       66         0
                text1                               684      684       38         0
                maintext                            76A      76A       92         0

        CLASS   STRCODE        

        CLASS   STRING         

        CLASS   CONST          

        CLASS   ENTRY          

        CLASS   COMMON         
                cstackCOMMON                         70       70        E         1

        CLASS   BANK0          
                cstackBANK0                          20       20        B         1

        CLASS   BANK1          

        CLASS   BANK2          

        CLASS   BANK3          

        CLASS   RAM            

        CLASS   ABS1           
                abs_s1                               7E       7E        2         1

        CLASS   SFR0           

        CLASS   SFR1           

        CLASS   SFR2           

        CLASS   SFR3           

        CLASS   CONFIG         
                config                             2007     2007        1         4

        CLASS   IDLOC          

        CLASS   EEDATA         

        CLASS   HEAP           

        CLASS   STACK          



SEGMENTS        Name                           Load    Length   Top    Selector   Space  Class     Delta

                reset_vec                      000000  000003  000003         0       0  CODE        2
                cstackBANK0                    000020  00000B  00002B        20       1  BANK0       1
                cstackCOMMON                   000070  00000E  00007E        70       1  COMMON      1
                text10                         0005E6  000009  0005EF       BCC       0  CODE        2
                text9                          0005EF  000009  0005F8       BDE       0  CODE        2
                text8                          0005F8  000009  000601       BF0       0  CODE        2
                text11                         000601  00000C  00060D       C02       0  CODE        2
                text6                          00060D  00000C  000619       C1A       0  CODE        2
                text12                         000619  00000D  000626       C32       0  CODE        2
                text7                          000626  000010  000636       C4C       0  CODE        2
                text5                          000636  000017  00064D       C6C       0  CODE        2
                text3                          00064D  000037  000684       C9A       0  CODE        2
                text1                          000684  000038  0006BC       D08       0  CODE        2
                text4                          0006BC  000048  000704       D78       0  CODE        2
                text2                          000704  000066  00076A       E08       0  CODE        2
                maintext                       00076A  000092  0007FC       ED4       0  CODE        2
                cinit                          0007FC  000004  000800       FF8       0  CODE        2


UNUSED ADDRESS RANGES

        Name                Unused          Largest block    Delta
        BANK0            002B-006F             45           1
        BANK1            00A0-00EF             50           1
        BANK2            0110-016F             60           1
        BANK3            0190-01EF             60           1
        CODE             0003-05E5            5E3           2
                         0800-1FFF            800
        CONST            0003-05E5            100           2
                         0800-1FFF            100
        EEDATA           2100-21FF            100           2
        ENTRY            0003-05E5            100           2
                         0800-1FFF            100
        IDLOC            2000-2003              4           2
        RAM              002B-006F             45           1
                         00A0-00EF             50
                         0110-016F             60
                         0190-01EF             60
        SFR0             0000-001F             20           1
        SFR1             0080-009F             20           1
        SFR2             0100-010F             10           1
        SFR3             0180-018F             10           1
        STRCODE          0003-05E5            5E3           2
                         0800-1FFF           1800
        STRING           0003-05E5            100           2
                         0800-1FFF            100

                                  Symbol Table

?___lldiv                         cstackCOMMON 0070
EEPROM_Read@Data                  cstackCOMMON 0073
EEPROM_Read@add                   cstackCOMMON 0071
EEPROM_Write@add                  cstackCOMMON 0071
EEPROM_Write@data                 cstackCOMMON 0073
I2C_Master_Init@baud              cstackBANK0  0020
I2C_Master_Write@data             cstackCOMMON 0070
_ACKDT                            (abs)        048D
_ACKEN                            (abs)        048C
_ACKSTAT                          (abs)        048E
_EEPROM_Read                      text4        06BC
_EEPROM_Write                     text3        064D
_I2C_ACK                          text11       0601
_I2C_Master_Init                  text1        0684
_I2C_Master_RepeatedStart         text10       05E6
_I2C_Master_Start                 text9        05EF
_I2C_Master_Stop                  text8        05F8
_I2C_Master_Wait                  text12       0619
_I2C_Master_Write                 text7        0626
_I2C_NACK                         text6        060D
_I2C_Read_Byte                    text5        0636
_PEN                              (abs)        048A
_PORTD                            (abs)        0008
_RCEN                             (abs)        048B
_RSEN                             (abs)        0489
_SEN                              (abs)        0488
_SSPADD                           (abs)        0093
_SSPBUF                           (abs)        0013
_SSPCON                           (abs)        0014
_SSPCON2                          (abs)        0091
_SSPIF                            (abs)        0063
_SSPSTAT                          (abs)        0094
_TRISC3                           (abs)        043B
_TRISC4                           (abs)        043C
_TRISD                            (abs)        0088
__H__absolute__                   __absolute__ 0000
__Habs1                           abs1         0000
__Hbank0                          bank0        0000
__Hbank1                          bank1        0000
__Hbank2                          bank2        0000
__Hbank3                          bank3        0000
__Hcinit                          cinit        0800
__Hclrtext                        clrtext      0000
__Hcode                           code         0000
__Hcommon                         common       0000
__Hconfig                         config       2008
__HcstackBANK0                    cstackBANK0  0000
__HcstackCOMMON                   cstackCOMMON 0000
__Heeprom_data                    eeprom_data  0000
__Hend_init                       end_init     0003
__Hfunctab                        functab      0000
__Hheap                           heap         0000
__Hinit                           init         0000
__Hintentry                       intentry     0000
__Hmaintext                       maintext     0000
__Hpowerup                        powerup      0000
__Hram                            ram          0000
__Hreset_vec                      reset_vec    0000
__Hsfr0                           sfr0         0000
__Hsfr1                           sfr1         0000
__Hsfr2                           sfr2         0000
__Hsfr3                           sfr3         0000
__Hspace_0                        (abs)        0800
__Hspace_1                        (abs)        007E
__Hspace_2                        (abs)        0000
__Hspace_3                        (abs)        0000
__Hspace_4                        (abs)        400F
__Hstack                          stack        0000
__Hstrings                        strings      0000
__Htext                           text         0000
__L__absolute__                   __absolute__ 0000
__Labs1                           abs1         0000
__Lbank0                          bank0        0000
__Lbank1                          bank1        0000
__Lbank2                          bank2        0000
__Lbank3                          bank3        0000
__Lcinit                          cinit        07FC
__Lclrtext                        clrtext      0000
__Lcode                           code         0000
__Lcommon                         common       0000
__Lconfig                         config       0000
__LcstackBANK0                    cstackBANK0  0000
__LcstackCOMMON                   cstackCOMMON 0000
__Leeprom_data                    eeprom_data  0000
__Lend_init                       end_init     0000
__Lfunctab                        functab      0000
__Lheap                           heap         0000
__Linit                           init         0000
__Lintentry                       intentry     0000
__Lmaintext                       maintext     0000
__Lpowerup                        powerup      0000
__Lram                            ram          0000
__Lreset_vec                      reset_vec    0000
__Lsfr0                           sfr0         0000
__Lsfr1                           sfr1         0000
__Lsfr2                           sfr2         0000
__Lsfr3                           sfr3         0000
__Lspace_0                        (abs)        0000
__Lspace_1                        (abs)        0000
__Lspace_2                        (abs)        0000
__Lspace_3                        (abs)        0000
__Lspace_4                        (abs)        0000
__Lstack                          stack        0000
__Lstrings                        strings      0000
__Ltext                           text         0000
__S0                              (abs)        0800
__S1                              (abs)        007E
__S3                              (abs)        0000
___heap_hi                        (abs)        0000
___heap_lo                        (abs)        0000
___int_sp                         stack        0000
___int_stack_hi                   stack        0000
___int_stack_lo                   stack        0000
___latbits                        (abs)        0002
___lldiv                          text2        0704
___lldiv@counter                  cstackCOMMON 007D
___lldiv@dividend                 cstackCOMMON 0074
___lldiv@divisor                  cstackCOMMON 0070
___lldiv@quotient                 cstackCOMMON 0079
___sp                             stack        0000
___stack_hi                       stack        0000
___stack_lo                       stack        0000
___stackhi                        (abs)        0000
___stacklo                        (abs)        0000
__end_of_EEPROM_Read              text4        0704
__end_of_EEPROM_Write             text3        0684
__end_of_I2C_ACK                  text11       060D
__end_of_I2C_Master_Init          text1        06BC
__end_of_I2C_Master_RepeatedStart text10       05EF
__end_of_I2C_Master_Start         text9        05F8
__end_of_I2C_Master_Stop          text8        0601
__end_of_I2C_Master_Wait          text12       0626
__end_of_I2C_Master_Write         text7        0636
__end_of_I2C_NACK                 text6        0619
__end_of_I2C_Read_Byte            text5        064D
__end_of___lldiv                  text2        076A
__end_of__initialization          cinit        07FC
__end_of_main                     maintext     07FC
__initialization                  cinit        07FC
__pcstackBANK0                    cstackBANK0  0020
__pcstackCOMMON                   cstackCOMMON 0070
__pmaintext                       maintext     076A
__ptext1                          text1        0684
__ptext10                         text10       05E6
__ptext11                         text11       0601
__ptext12                         text12       0619
__ptext2                          text2        0704
__ptext3                          text3        064D
__ptext4                          text4        06BC
__ptext5                          text5        0636
__ptext6                          text6        060D
__ptext7                          text7        0626
__ptext8                          text8        05F8
__ptext9                          text9        05EF
_main                             maintext     076A
btemp                             (abs)        007E
end_of_initialization             cinit        07FC
intlevel0                         functab      0000
intlevel1                         functab      0000
intlevel2                         functab      0000
intlevel3                         functab      0000
intlevel4                         functab      0000
intlevel5                         functab      0000
reset_vec                         reset_vec    0000
start                             init         0000
start_initialization              cinit        07FC
wtemp0                            (abs)        007E


MODULE INFORMATION

Module		Function		Class		Link	Load	Size
I2C_EEPROM_driver.c
		_EEPROM_Read   		CODE           	06BC	0000	72
		_I2C_Master_Wait		CODE           	0619	0000	13
		_EEPROM_Write  		CODE           	064D	0000	55
		_I2C_Master_Init		CODE           	0684	0000	56
		_I2C_Master_Stop		CODE           	05F8	0000	9
		_I2C_Master_RepeatedStart		CODE           	05E6	0000	9
		_I2C_Read_Byte 		CODE           	0636	0000	23
		_I2C_ACK       		CODE           	0601	0000	12
		_I2C_Master_Write		CODE           	0626	0000	16
		_I2C_NACK      		CODE           	060D	0000	12
		_I2C_Master_Start		CODE           	05EF	0000	9

I2C_EEPROM_driver.c estimated size: 286

shared
		__initialization		CODE           	07FC	0000	1

shared estimated size: 1

I2C_EEPROM_main.c
		_main          		CODE           	076A	0000	146

I2C_EEPROM_main.c estimated size: 146

C:\Program Files\Microchip\xc8\v2.45\pic\sources\c99\common\__lldiv.c
		___lldiv       		CODE           	0704	0000	102

C:\Program Files\Microchip\xc8\v2.45\pic\sources\c99\common\__lldiv.c estimated size: 102

