Microchip MPLAB XC8 Compiler V2.45

Linker command line:

-W-3 \
  --edf=C:\Program Files\Microchip\xc8\v2.45\pic\dat\20230818022343_en.msgs \
  -cn -h+dist/default/production\ADC_task.X.production.sym \
  --cmf=dist/default/production\ADC_task.X.production.cmf -z -Q16F877A \
  -oC:\Users\POOJAA~1\AppData\Local\Temp\xcAs408.\driver_tmp_3.o \
  --defsym=__MPLAB_BUILD=1 --fixupoverflow=error \
  -Mdist/default/production/ADC_task.X.production.map \
  --md=C:\Users\POOJAA~1\AppData\Local\Temp\xcAs408.\driver_tmp_0.dat -E1 \
  -ver=XC8 Compiler --acfsm=1493 -ACODE=00h-07FFhx4 -ASTRCODE=00h-01FFFh \
  -ASTRING=00h-0FFhx32 -ACONST=00h-0FFhx32 -AENTRY=00h-0FFhx32 \
  -ACOMMON=070h-07Fh -ABANK0=020h-06Fh -ABANK1=0A0h-0EFh \
  -ABANK2=0110h-016Fh -ABANK3=0190h-01EFh \
  -ARAM=020h-06Fh,0A0h-0EFh,0110h-016Fh,0190h-01EFh \
  -AABS1=020h-07Fh,0A0h-0EFh,0110h-016Fh,0190h-01EFh -ASFR0=00h-01Fh \
  -ASFR1=080h-09Fh -ASFR2=0100h-010Fh -ASFR3=0180h-018Fh \
  -ACONFIG=02007h-02007h -DCONFIG=2 -AIDLOC=02000h-02003h -DIDLOC=2 \
  -AEEDATA=00h-0FFh/02100h -peeprom_data=EEDATA -DEEDATA=2 -DCODE=2 \
  -DSTRCODE=2 -DSTRING=2 -DCONST=2 -DENTRY=2 \
  -preset_vec=00h,intentry,init,end_init -ppowerup=CODE -pcinit=CODE \
  -pfunctab=ENTRY -k \
  C:\Users\POOJAA~1\AppData\Local\Temp\xcAs408.\driver_tmp_12.o \
  dist/default/production\ADC_task.X.production.o 

Object code version is 3.11

Machine type is 16F877A



                Name                               Link     Load   Length Selector   Space Scale
C:\Users\POOJAA~1\AppData\Local\Temp\xcAs408.\driver_tmp_12.o
                end_init                              0        0        3        0       0
                config                             2007     2007        1        0       4
dist/default/production\ADC_task.X.production.o
                cinit                               7E6      7E6       1A      FCC       0
                config                             2007     2007        1        0       4
                text10                              465      465       1A      8CA       0
                text9                               404      404        7      808       0
                text8                               52E      52E       68      A5C       0
                text7                               4E8      4E8       46      9D0       0
                text6                               413      413        D      826       0
                text5                               420      420        F      840       0
                text4                               42F      42F        F      85E       0
                text3                               4A4      4A4       44      948       0
                text2                               47F      47F       25      8FE       0
                text1                               66D      66D      179      CDA       0
                maintext                            596      596       D7      B2C       0
                cstackBANK0                          4B       4B       11       20       1
                cstackCOMMON                         70       70        E       70       1
                clrtext                             40B      40B        8      816       0
                inittext                            43E      43E       13      87C       0
                dataBANK0                            37       37       14       20       1
                bssBANK0                             20       20       17       20       1
                idataBANK0                          451      451       14      8A2       0

TOTAL           Name                               Link     Load   Length     Space
        CLASS   CODE           
                end_init                              0        0        3         0
                cinit                               7E6      7E6       1A         0
                text10                              465      465       1A         0
                text9                               404      404        7         0
                text8                               52E      52E       68         0
                text7                               4E8      4E8       46         0
                text6                               413      413        D         0
                text5                               420      420        F         0
                text4                               42F      42F        F         0
                text3                               4A4      4A4       44         0
                text2                               47F      47F       25         0
                text1                               66D      66D      179         0
                maintext                            596      596       D7         0
                clrtext                             40B      40B        8         0
                inittext                            43E      43E       13         0
                idataBANK0                          451      451       14         0

        CLASS   STRCODE        

        CLASS   STRING         

        CLASS   CONST          

        CLASS   ENTRY          

        CLASS   COMMON         
                cstackCOMMON                         70       70        E         1

        CLASS   BANK0          
                cstackBANK0                          4B       4B       11         1
                dataBANK0                            37       37       14         1
                bssBANK0                             20       20       17         1

        CLASS   BANK1          

        CLASS   BANK2          

        CLASS   BANK3          

        CLASS   RAM            

        CLASS   ABS1           
                abs_s1                               7E       7E        2         1

        CLASS   SFR0           

        CLASS   SFR1           

        CLASS   SFR2           

        CLASS   SFR3           

        CLASS   CONFIG         
                config                             2007     2007        1         4

        CLASS   IDLOC          

        CLASS   EEDATA         

        CLASS   HEAP           

        CLASS   STACK          



SEGMENTS        Name                           Load    Length   Top    Selector   Space  Class     Delta

                reset_vec                      000000  000003  000003         0       0  CODE        2
                bssBANK0                       000020  00003C  00005C        20       1  BANK0       1
                cstackCOMMON                   000070  00000E  00007E        70       1  COMMON      1
                text9                          000404  000007  00040B       808       0  CODE        2
                clrtext                        00040B  000008  000413       816       0  CODE        2
                text6                          000413  00000D  000420       826       0  CODE        2
                text5                          000420  00000F  00042F       840       0  CODE        2
                text4                          00042F  00000F  00043E       85E       0  CODE        2
                inittext                       00043E  000013  000451       87C       0  CODE        2
                idataBANK0                     000451  000014  000465       8A2       0  CODE        2
                text10                         000465  00001A  00047F       8CA       0  CODE        2
                text2                          00047F  000025  0004A4       8FE       0  CODE        2
                text3                          0004A4  000044  0004E8       948       0  CODE        2
                text7                          0004E8  000046  00052E       9D0       0  CODE        2
                text8                          00052E  000068  000596       A5C       0  CODE        2
                maintext                       000596  0000D7  00066D       B2C       0  CODE        2
                text1                          00066D  000179  0007E6       CDA       0  CODE        2
                cinit                          0007E6  00001A  000800       FCC       0  CODE        2


UNUSED ADDRESS RANGES

        Name                Unused          Largest block    Delta
        BANK0            005C-006F             14           1
        BANK1            00A0-00EF             50           1
        BANK2            0110-016F             60           1
        BANK3            0190-01EF             60           1
        CODE             0003-0403            401           2
                         0800-1FFF            800
        CONST            0003-0403            100           2
                         0800-1FFF            100
        EEDATA           2100-21FF            100           2
        ENTRY            0003-0403            100           2
                         0800-1FFF            100
        IDLOC            2000-2003              4           2
        RAM              005C-006F             14           1
                         00A0-00EF             50
                         0110-016F             60
                         0190-01EF             60
        SFR0             0000-001F             20           1
        SFR1             0080-009F             20           1
        SFR2             0100-010F             10           1
        SFR3             0180-018F             10           1
        STRCODE          0003-0403            401           2
                         0800-1FFF           1800
        STRING           0003-0403            100           2
                         0800-1FFF            100

                                  Symbol Table

?___lldiv                cstackBANK0  004B
?___lmul                 cstackCOMMON 0070
?___lwdiv                cstackCOMMON 0076
?___wmul                 cstackCOMMON 0070
UART_send@data           cstackCOMMON 0072
_ADCON0                  (abs)        001F
_ADCON1                  (abs)        009F
_ADRESH                  (abs)        001E
_ADRESL                  (abs)        009E
_OPTION_REG              (abs)        0081
_PORTB                   (abs)        0006
_RCSTA                   (abs)        0018
_SPBRG                   (abs)        0099
_TRISA                   (abs)        0085
_TRISB                   (abs)        0086
_TRISC                   (abs)        0087
_TRISD                   (abs)        0088
_TXREG                   (abs)        0019
_TXSTA                   (abs)        0098
_UART_init               text10       0465
_UART_newline            text9        0404
_UART_send               text4        042F
__H__absolute__          __absolute__ 0000
__Habs1                  abs1         0000
__Hbank0                 bank0        0000
__Hbank1                 bank1        0000
__Hbank2                 bank2        0000
__Hbank3                 bank3        0000
__HbssBANK0              bssBANK0     0000
__Hcinit                 cinit        0800
__Hclrtext               clrtext      0000
__Hcode                  code         0000
__Hcommon                common       0000
__Hconfig                config       2008
__HcstackBANK0           cstackBANK0  0000
__HcstackCOMMON          cstackCOMMON 0000
__HdataBANK0             dataBANK0    0000
__Heeprom_data           eeprom_data  0000
__Hend_init              end_init     0003
__Hfunctab               functab      0000
__Hheap                  heap         0000
__HidataBANK0            idataBANK0   0000
__Hinit                  init         0000
__Hinittext              inittext     0000
__Hintentry              intentry     0000
__Hmaintext              maintext     0000
__Hpowerup               powerup      0000
__Hram                   ram          0000
__Hreset_vec             reset_vec    0000
__Hsfr0                  sfr0         0000
__Hsfr1                  sfr1         0000
__Hsfr2                  sfr2         0000
__Hsfr3                  sfr3         0000
__Hspace_0               (abs)        0800
__Hspace_1               (abs)        007E
__Hspace_2               (abs)        0000
__Hspace_3               (abs)        0000
__Hspace_4               (abs)        400F
__Hstack                 stack        0000
__Hstrings               strings      0000
__Htext                  text         0000
__L__absolute__          __absolute__ 0000
__Labs1                  abs1         0000
__Lbank0                 bank0        0000
__Lbank1                 bank1        0000
__Lbank2                 bank2        0000
__Lbank3                 bank3        0000
__LbssBANK0              bssBANK0     0000
__Lcinit                 cinit        07E6
__Lclrtext               clrtext      0000
__Lcode                  code         0000
__Lcommon                common       0000
__Lconfig                config       0000
__LcstackBANK0           cstackBANK0  0000
__LcstackCOMMON          cstackCOMMON 0000
__LdataBANK0             dataBANK0    0000
__Leeprom_data           eeprom_data  0000
__Lend_init              end_init     0000
__Lfunctab               functab      0000
__Lheap                  heap         0000
__LidataBANK0            idataBANK0   0000
__Linit                  init         0000
__Linittext              inittext     0000
__Lintentry              intentry     0000
__Lmaintext              maintext     0000
__Lpowerup               powerup      0000
__Lram                   ram          0000
__Lreset_vec             reset_vec    0000
__Lsfr0                  sfr0         0000
__Lsfr1                  sfr1         0000
__Lsfr2                  sfr2         0000
__Lsfr3                  sfr3         0000
__Lspace_0               (abs)        0000
__Lspace_1               (abs)        0000
__Lspace_2               (abs)        0000
__Lspace_3               (abs)        0000
__Lspace_4               (abs)        0000
__Lstack                 stack        0000
__Lstrings               strings      0000
__Ltext                  text         0000
__S0                     (abs)        0800
__S1                     (abs)        007E
__S3                     (abs)        0000
___heap_hi               (abs)        0000
___heap_lo               (abs)        0000
___int_sp                stack        0000
___int_stack_hi          stack        0000
___int_stack_lo          stack        0000
___latbits               (abs)        0002
___lldiv                 text8        052E
___lldiv@counter         cstackBANK0  0057
___lldiv@dividend        cstackBANK0  004F
___lldiv@divisor         cstackBANK0  004B
___lldiv@quotient        cstackBANK0  0053
___lmul                  text7        04E8
___lmul@multiplicand     cstackCOMMON 0074
___lmul@multiplier       cstackCOMMON 0070
___lmul@product          cstackCOMMON 0079
___lwdiv                 text3        04A4
___lwdiv@counter         cstackCOMMON 007C
___lwdiv@dividend        cstackCOMMON 0078
___lwdiv@divisor         cstackCOMMON 0076
___lwdiv@quotient        cstackCOMMON 007A
___sp                    stack        0000
___stack_hi              stack        0000
___stack_lo              stack        0000
___stackhi               (abs)        0000
___stacklo               (abs)        0000
___wmul                  text2        047F
___wmul@multiplicand     cstackCOMMON 0072
___wmul@multiplier       cstackCOMMON 0070
___wmul@product          cstackCOMMON 0074
__end_of_UART_init       text10       047F
__end_of_UART_newline    text9        040B
__end_of_UART_send       text4        043E
__end_of___lldiv         text8        0596
__end_of___lmul          text7        052E
__end_of___lwdiv         text3        04E8
__end_of___wmul          text2        04A4
__end_of__initialization cinit        07FC
__end_of_delay           text6        0420
__end_of_init            text5        042F
__end_of_main            maintext     066D
__end_of_output          text1        07E6
__initialization         cinit        07E6
__pbssBANK0              bssBANK0     0020
__pcstackBANK0           cstackBANK0  004B
__pcstackCOMMON          cstackCOMMON 0070
__pdataBANK0             dataBANK0    0037
__pidataBANK0            idataBANK0   0451
__pmaintext              maintext     0596
__ptext1                 text1        066D
__ptext10                text10       0465
__ptext2                 text2        047F
__ptext3                 text3        04A4
__ptext4                 text4        042F
__ptext5                 text5        0420
__ptext6                 text6        0413
__ptext7                 text7        04E8
__ptext8                 text8        052E
__ptext9                 text9        0404
_cal                     dataBANK0    0037
_d0                      bssBANK0     0032
_d1                      bssBANK0     0030
_d2                      bssBANK0     002E
_d3                      bssBANK0     002C
_delay                   text6        0413
_hival                   bssBANK0     002A
_init                    text5        0420
_loval                   bssBANK0     0028
_main                    maintext     0596
_output                  text1        066D
_raw                     dataBANK0    0041
_value                   bssBANK0     0020
_voltage                 bssBANK0     0024
_x                       bssBANK0     0036
btemp                    (abs)        007E
clear_ram0               clrtext      040B
delay@k                  cstackCOMMON 0070
end_of_initialization    cinit        07FC
init_fetch0              inittext     043E
init_ram0                inittext     0442
intlevel0                functab      0000
intlevel1                functab      0000
intlevel2                functab      0000
intlevel3                functab      0000
intlevel4                functab      0000
intlevel5                functab      0000
output@n                 cstackBANK0  004B
reset_vec                reset_vec    0000
start                    init         0000
start_initialization     cinit        07E6
wtemp0                   (abs)        007E


MODULE INFORMATION

Module		Function		Class		Link	Load	Size
C:\Program Files\Microchip\xc8\v2.45\pic\sources\c99\common\Umul16.c
		___wmul        		CODE           	047F	0000	37

C:\Program Files\Microchip\xc8\v2.45\pic\sources\c99\common\Umul16.c estimated size: 37

C:\Program Files\Microchip\xc8\v2.45\pic\sources\c99\common\Umul32.c
		___lmul        		CODE           	04E8	0000	70

C:\Program Files\Microchip\xc8\v2.45\pic\sources\c99\common\Umul32.c estimated size: 70

shared
		__initialization		CODE           	07E6	0000	22

shared estimated size: 22

C:\Program Files\Microchip\xc8\v2.45\pic\sources\c99\common\__lldiv.c
		___lldiv       		CODE           	052E	0000	104

C:\Program Files\Microchip\xc8\v2.45\pic\sources\c99\common\__lldiv.c estimated size: 104

C:\Program Files\Microchip\xc8\v2.45\pic\sources\c99\common\lwdiv.c
		___lwdiv       		CODE           	04A4	0000	68

C:\Program Files\Microchip\xc8\v2.45\pic\sources\c99\common\lwdiv.c estimated size: 68

adc_task.c
		_init          		CODE           	0420	0000	15
		_delay         		CODE           	0413	0000	13
		_UART_init     		CODE           	0465	0000	26
		_main          		CODE           	0596	0000	215
		_output        		CODE           	066D	0000	377
		_UART_send     		CODE           	042F	0000	15
		_UART_newline  		CODE           	0404	0000	7

adc_task.c estimated size: 668

