Microchip MPLAB XC8 Compiler V2.45

Linker command line:

-W-3 \
  --edf=C:\Program Files\Microchip\xc8\v2.45\pic\dat\20230818022343_en.msgs \
  -cn -h+dist/default/production\I2C_Slave.X.production.sym \
  --cmf=dist/default/production\I2C_Slave.X.production.cmf -z -Q16F877A \
  -oC:\Users\POOJAA~1\AppData\Local\Temp\xcAskgo.\driver_tmp_3.o \
  --defsym=__MPLAB_BUILD=1 --fixupoverflow=error \
  -Mdist/default/production/I2C_Slave.X.production.map \
  --md=C:\Users\POOJAA~1\AppData\Local\Temp\xcAskgo.\driver_tmp_0.dat -E1 \
  -ver=XC8 Compiler --acfsm=1493 -ACODE=00h-07FFhx4 -ASTRCODE=00h-01FFFh \
  -ASTRING=00h-0FFhx32 -ACONST=00h-0FFhx32 -AENTRY=00h-0FFhx32 \
  -ACOMMON=070h-07Fh -ABANK0=020h-06Fh -ABANK1=0A0h-0EFh \
  -ABANK2=0110h-016Fh -ABANK3=0190h-01EFh \
  -ARAM=020h-06Fh,0A0h-0EFh,0110h-016Fh,0190h-01EFh \
  -AABS1=020h-07Fh,0A0h-0EFh,0110h-016Fh,0190h-01EFh -ASFR0=00h-01Fh \
  -ASFR1=080h-09Fh -ASFR2=0100h-010Fh -ASFR3=0180h-018Fh \
  -ACONFIG=02007h-02007h -DCONFIG=2 -AIDLOC=02000h-02003h -DIDLOC=2 \
  -AEEDATA=00h-0FFh/02100h -peeprom_data=EEDATA -DEEDATA=2 -DCODE=2 \
  -DSTRCODE=2 -DSTRING=2 -DCONST=2 -DENTRY=2 \
  -preset_vec=00h,intentry=04h,init,end_init -ppowerup=CODE -pcinit=CODE \
  -pfunctab=ENTRY -k \
  C:\Users\POOJAA~1\AppData\Local\Temp\xcAskgo.\driver_tmp_12.o \
  dist/default/production\I2C_Slave.X.production.o 

Object code version is 3.11

Machine type is 16F877A



                Name                               Link     Load   Length Selector   Space Scale
C:\Users\POOJAA~1\AppData\Local\Temp\xcAskgo.\driver_tmp_12.o
                end_init                              E        E        3        8       0
                reset_vec                             0        0        3        0       0
dist/default/production\I2C_Slave.X.production.o
                cinit                                11       11        5        8       0
                intentry                              4        4        A        8       0
                text2                                16       16       2C        8       0
                text1                                42       42       1D        8       0
                maintext                             5F       5F        D        8       0
                cstackCOMMON                         70       70        4       70       1
                bssCOMMON                            74       74        1       70       1

TOTAL           Name                               Link     Load   Length     Space
        CLASS   CODE           
                end_init                              E        E        3         0
                cinit                                11       11        5         0
                intentry                              4        4        A         0
                reset_vec                             0        0        3         0
                text2                                16       16       2C         0
                text1                                42       42       1D         0
                maintext                             5F       5F        D         0

        CLASS   STRCODE        

        CLASS   STRING         

        CLASS   CONST          

        CLASS   ENTRY          

        CLASS   COMMON         
                cstackCOMMON                         70       70        4         1
                bssCOMMON                            74       74        1         1

        CLASS   BANK0          

        CLASS   BANK1          

        CLASS   BANK2          

        CLASS   BANK3          

        CLASS   RAM            

        CLASS   ABS1           
                abs_s1                               7E       7E        2         1

        CLASS   SFR0           

        CLASS   SFR1           

        CLASS   SFR2           

        CLASS   SFR3           

        CLASS   CONFIG         

        CLASS   IDLOC          

        CLASS   EEDATA         

        CLASS   HEAP           

        CLASS   STACK          



SEGMENTS        Name                           Load    Length   Top    Selector   Space  Class     Delta

                reset_vec                      000000  000003  000003         0       0  CODE        2
                intentry                       000004  000068  00006C         8       0  CODE        2
                cstackCOMMON                   000070  000005  000075        70       1  COMMON      1


UNUSED ADDRESS RANGES

        Name                Unused          Largest block    Delta
        BANK0            20-6F           50           1
        BANK1            A0-EF           50           1
        BANK2            110-16F           60           1
        BANK3            190-1EF           60           1
        CODE             03-03            1           2
                         6C-1FFF          800
        COMMON           75-7D            9           1
        CONFIG           2007-2007            1           2
        CONST            03-03            1           2
                         6C-1FFF          100
        EEDATA           2100-21FF          100           2
        ENTRY            03-03            1           2
                         6C-1FFF          100
        IDLOC            2000-2003            4           2
        RAM              20-6F           50           1
                         A0-EF           50
                         110-16F           60
                         190-1EF           60
        SFR0             00-1F           20           1
        SFR1             80-9F           20           1
        SFR2             100-10F           10           1
        SFR3             180-18F           10           1
        STRCODE          03-03            1           2
                         6C-1FFF         1F94
        STRING           03-03            1           2
                         6C-1FFF          100

                                  Symbol Table

_I2C_Slave_Read          text2        16
_INTCON                  (abs)        0B
_PIE1                    (abs)        8C
_PIR1                    (abs)        0C
_PORTD                   (abs)        08
_SSPADD                  (abs)        93
_SSPBUF                  (abs)        13
_SSPCON                  (abs)        14
_SSPCON2                 (abs)        91
_SSPSTAT                 (abs)        94
_TRISC                   (abs)        87
_TRISD                   (abs)        88
__H__absolute__          __absolute__ 00
__Habs1                  abs1         00
__Hbank0                 bank0        00
__Hbank1                 bank1        00
__Hbank2                 bank2        00
__Hbank3                 bank3        00
__HbssCOMMON             bssCOMMON    00
__Hcinit                 cinit        16
__Hclrtext               clrtext      00
__Hcode                  code         00
__Hcommon                common       00
__HcstackCOMMON          cstackCOMMON 00
__Heeprom_data           eeprom_data  00
__Hend_init              end_init     11
__Hfunctab               functab      00
__Hheap                  heap         00
__Hinit                  init         0E
__Hintentry              intentry     0E
__Hmaintext              maintext     00
__Hpowerup               powerup      00
__Hram                   ram          00
__Hreset_vec             reset_vec    03
__Hsfr0                  sfr0         00
__Hsfr1                  sfr1         00
__Hsfr2                  sfr2         00
__Hsfr3                  sfr3         00
__Hspace_0               (abs)        6C
__Hspace_1               (abs)        75
__Hspace_2               (abs)        00
__Hspace_3               (abs)        00
__Hstack                 stack        00
__Hstrings               strings      00
__Htext                  text         00
__L__absolute__          __absolute__ 00
__Labs1                  abs1         00
__Lbank0                 bank0        00
__Lbank1                 bank1        00
__Lbank2                 bank2        00
__Lbank3                 bank3        00
__LbssCOMMON             bssCOMMON    00
__Lcinit                 cinit        11
__Lclrtext               clrtext      00
__Lcode                  code         00
__Lcommon                common       00
__LcstackCOMMON          cstackCOMMON 00
__Leeprom_data           eeprom_data  00
__Lend_init              end_init     0E
__Lfunctab               functab      00
__Lheap                  heap         00
__Linit                  init         0E
__Lintentry              intentry     04
__Lmaintext              maintext     00
__Lpowerup               powerup      00
__Lram                   ram          00
__Lreset_vec             reset_vec    00
__Lsfr0                  sfr0         00
__Lsfr1                  sfr1         00
__Lsfr2                  sfr2         00
__Lsfr3                  sfr3         00
__Lspace_0               (abs)        00
__Lspace_1               (abs)        00
__Lspace_2               (abs)        00
__Lspace_3               (abs)        00
__Lstack                 stack        00
__Lstrings               strings      00
__Ltext                  text         00
__S0                     (abs)        6C
__S1                     (abs)        75
__S3                     (abs)        00
___heap_hi               (abs)        00
___heap_lo               (abs)        00
___int_sp                stack        00
___int_stack_hi          stack        00
___int_stack_lo          stack        00
___latbits               (abs)        02
___sp                    stack        00
___stack_hi              stack        00
___stack_lo              stack        00
___stackhi               (abs)        00
___stacklo               (abs)        00
__end_of_I2C_Slave_Read  text2        42
__end_of__initialization cinit        12
__end_of_i2c_Slave_init  text1        5F
__end_of_main            maintext     6C
__initialization         cinit        11
__pbssCOMMON             bssCOMMON    74
__pcstackCOMMON          cstackCOMMON 70
__pintentry              intentry     04
__pmaintext              maintext     5F
__ptext1                 text1        42
__ptext2                 text2        16
_i2c_Slave_init          text1        42
_main                    maintext     5F
_read                    bssCOMMON    74
btemp                    (abs)        7E
end_of_initialization    cinit        12
i2c_Slave_init@add       cstackCOMMON 73
interrupt_function       intentry     04
intlevel0                functab      00
intlevel1                functab      00
intlevel2                functab      00
intlevel3                functab      00
intlevel4                functab      00
intlevel5                functab      00
reset_vec                reset_vec    00
saved_w                  (abs)        7E
start                    init         0E
start_initialization     cinit        11
wtemp0                   (abs)        7E


MODULE INFORMATION

Module		Function		Class		Link	Load	Size
shared
		__initialization		CODE           	0011	0000	1

shared estimated size: 1

I2C_slave.c
		_i2c_Slave_init		CODE           	0042	0000	29
		_main          		CODE           	005F	0000	13
		_I2C_Slave_Read		CODE           	0016	0000	44

I2C_slave.c estimated size: 86

